../Core/Src/stm32f1xx_hal_msp.c:63:6:HAL_MspInit	8	static
../Core/Src/stm32f1xx_hal_msp.c:90:6:HAL_ADC_MspInit	40	static
../Core/Src/stm32f1xx_hal_msp.c:142:6:HAL_ADC_MspDeInit	0	static
../Core/Src/stm32f1xx_hal_msp.c:187:6:HAL_I2C_MspInit	32	static
../Core/Src/stm32f1xx_hal_msp.c:222:6:HAL_I2C_MspDeInit	8	static
../Core/Src/stm32f1xx_hal_msp.c:253:6:HAL_SPI_MspInit	40	static
../Core/Src/stm32f1xx_hal_msp.c:296:6:HAL_SPI_MspDeInit	0	static
../Core/Src/stm32f1xx_hal_msp.c:326:6:HAL_TIM_Base_MspInit	16	static
../Core/Src/stm32f1xx_hal_msp.c:352:6:HAL_TIM_Base_MspDeInit	0	static
