Archive member included to satisfy reference by file (symbol)

/home/nico/st/stm32cubeide_2.0.0/plugins/com.st.stm32cube.ide.mcu.externaltools.gnu-tools-for-stm32.13.3.rel1.linux64_1.0.100.202509120712/tools/bin/../lib/gcc/arm-none-eabi/13.3.1/../../../../arm-none-eabi/lib/thumb/v7-m/nofp/libc_nano.a(libc_a-exit.o)
                              /home/nico/st/stm32cubeide_2.0.0/plugins/com.st.stm32cube.ide.mcu.externaltools.gnu-tools-for-stm32.13.3.rel1.linux64_1.0.100.202509120712/tools/bin/../lib/gcc/arm-none-eabi/13.3.1/../../../../arm-none-eabi/lib/thumb/v7-m/nofp/crt0.o (exit)
/home/nico/st/stm32cubeide_2.0.0/plugins/com.st.stm32cube.ide.mcu.externaltools.gnu-tools-for-stm32.13.3.rel1.linux64_1.0.100.202509120712/tools/bin/../lib/gcc/arm-none-eabi/13.3.1/../../../../arm-none-eabi/lib/thumb/v7-m/nofp/libc_nano.a(libc_a-nano-vfprintf_float.o)
                              (_printf_float)
/home/nico/st/stm32cubeide_2.0.0/plugins/com.st.stm32cube.ide.mcu.externaltools.gnu-tools-for-stm32.13.3.rel1.linux64_1.0.100.202509120712/tools/bin/../lib/gcc/arm-none-eabi/13.3.1/../../../../arm-none-eabi/lib/thumb/v7-m/nofp/libc_nano.a(libc_a-nano-vfprintf_i.o)
                              /home/nico/st/stm32cubeide_2.0.0/plugins/com.st.stm32cube.ide.mcu.externaltools.gnu-tools-for-stm32.13.3.rel1.linux64_1.0.100.202509120712/tools/bin/../lib/gcc/arm-none-eabi/13.3.1/../../../../arm-none-eabi/lib/thumb/v7-m/nofp/libc_nano.a(libc_a-nano-vfprintf_float.o) (_printf_common)
/home/nico/st/stm32cubeide_2.0.0/plugins/com.st.stm32cube.ide.mcu.externaltools.gnu-tools-for-stm32.13.3.rel1.linux64_1.0.100.202509120712/tools/bin/../lib/gcc/arm-none-eabi/13.3.1/../../../../arm-none-eabi/lib/thumb/v7-m/nofp/libc_nano.a(libc_a-findfp.o)
                              /home/nico/st/stm32cubeide_2.0.0/plugins/com.st.stm32cube.ide.mcu.externaltools.gnu-tools-for-stm32.13.3.rel1.linux64_1.0.100.202509120712/tools/bin/../lib/gcc/arm-none-eabi/13.3.1/../../../../arm-none-eabi/lib/thumb/v7-m/nofp/libc_nano.a(libc_a-exit.o) (__stdio_exit_handler)
/home/nico/st/stm32cubeide_2.0.0/plugins/com.st.stm32cube.ide.mcu.externaltools.gnu-tools-for-stm32.13.3.rel1.linux64_1.0.100.202509120712/tools/bin/../lib/gcc/arm-none-eabi/13.3.1/../../../../arm-none-eabi/lib/thumb/v7-m/nofp/libc_nano.a(libc_a-fwalk.o)
                              /home/nico/st/stm32cubeide_2.0.0/plugins/com.st.stm32cube.ide.mcu.externaltools.gnu-tools-for-stm32.13.3.rel1.linux64_1.0.100.202509120712/tools/bin/../lib/gcc/arm-none-eabi/13.3.1/../../../../arm-none-eabi/lib/thumb/v7-m/nofp/libc_nano.a(libc_a-findfp.o) (_fwalk_sglue)
/home/nico/st/stm32cubeide_2.0.0/plugins/com.st.stm32cube.ide.mcu.externaltools.gnu-tools-for-stm32.13.3.rel1.linux64_1.0.100.202509120712/tools/bin/../lib/gcc/arm-none-eabi/13.3.1/../../../../arm-none-eabi/lib/thumb/v7-m/nofp/libc_nano.a(libc_a-sprintf.o)
                              ./Core/Src/main.o (sprintf)
/home/nico/st/stm32cubeide_2.0.0/plugins/com.st.stm32cube.ide.mcu.externaltools.gnu-tools-for-stm32.13.3.rel1.linux64_1.0.100.202509120712/tools/bin/../lib/gcc/arm-none-eabi/13.3.1/../../../../arm-none-eabi/lib/thumb/v7-m/nofp/libc_nano.a(libc_a-stdio.o)
                              /home/nico/st/stm32cubeide_2.0.0/plugins/com.st.stm32cube.ide.mcu.externaltools.gnu-tools-for-stm32.13.3.rel1.linux64_1.0.100.202509120712/tools/bin/../lib/gcc/arm-none-eabi/13.3.1/../../../../arm-none-eabi/lib/thumb/v7-m/nofp/libc_nano.a(libc_a-findfp.o) (__sread)
/home/nico/st/stm32cubeide_2.0.0/plugins/com.st.stm32cube.ide.mcu.externaltools.gnu-tools-for-stm32.13.3.rel1.linux64_1.0.100.202509120712/tools/bin/../lib/gcc/arm-none-eabi/13.3.1/../../../../arm-none-eabi/lib/thumb/v7-m/nofp/libc_nano.a(libc_a-memset.o)
                              /home/nico/st/stm32cubeide_2.0.0/plugins/com.st.stm32cube.ide.mcu.externaltools.gnu-tools-for-stm32.13.3.rel1.linux64_1.0.100.202509120712/tools/bin/../lib/gcc/arm-none-eabi/13.3.1/../../../../arm-none-eabi/lib/thumb/v7-m/nofp/crt0.o (memset)
/home/nico/st/stm32cubeide_2.0.0/plugins/com.st.stm32cube.ide.mcu.externaltools.gnu-tools-for-stm32.13.3.rel1.linux64_1.0.100.202509120712/tools/bin/../lib/gcc/arm-none-eabi/13.3.1/../../../../arm-none-eabi/lib/thumb/v7-m/nofp/libc_nano.a(libc_a-localeconv.o)
                              /home/nico/st/stm32cubeide_2.0.0/plugins/com.st.stm32cube.ide.mcu.externaltools.gnu-tools-for-stm32.13.3.rel1.linux64_1.0.100.202509120712/tools/bin/../lib/gcc/arm-none-eabi/13.3.1/../../../../arm-none-eabi/lib/thumb/v7-m/nofp/libc_nano.a(libc_a-nano-vfprintf_float.o) (_localeconv_r)
/home/nico/st/stm32cubeide_2.0.0/plugins/com.st.stm32cube.ide.mcu.externaltools.gnu-tools-for-stm32.13.3.rel1.linux64_1.0.100.202509120712/tools/bin/../lib/gcc/arm-none-eabi/13.3.1/../../../../arm-none-eabi/lib/thumb/v7-m/nofp/libc_nano.a(libc_a-closer.o)
[...]
Memory Configuration

Name             Origin             Length             Attributes
RAM              0x20000000         0x00005000         xrw
FLASH            0x08000000         0x00010000         xr
*default*        0x00000000         0xffffffff

Linker script and memory map

LOAD /home/nico/st/stm32cubeide_2.0.0/plugins/com.st.stm32cube.ide.mcu.externaltools.gnu-tools-for-stm32.13.3.rel1.linux64_1.0.100.202509120712/tools/bin/../lib/gcc/arm-none-eabi/13.3.1/thumb/v7-m/nofp/crti.o
LOAD /home/nico/st/stm32cubeide_2.0.0/plugins/com.st.stm32cube.ide.mcu.externaltools.gnu-tools-for-stm32.13.3.rel1.linux64_1.0.100.202509120712/tools/bin/../lib/gcc/arm-none-eabi/13.3.1/thumb/v7-m/nofp/crtbegin.o
LOAD /home/nico/st/stm32cubeide_2.0.0/plugins/com.st.stm32cube.ide.mcu.externaltools.gnu-tools-for-stm32.13.3.rel1.linux64_1.0.100.202509120712/tools/bin/../lib/gcc/arm-none-eabi/13.3.1/../../../../arm-none-eabi/lib/thumb/v7-m/nofp/crt0.o
LOAD ./Core/Src/fonts.o
LOAD ./Core/Src/main.o
LOAD ./Core/Src/ssd1306.o
LOAD ./Core/Src/stm32f1xx_hal_msp.o
LOAD ./Core/Src/stm32f1xx_it.o
LOAD ./Core/Src/syscalls.o
LOAD ./Core/Src/sysmem.o
LOAD ./Core/Src/system_stm32f1xx.o
LOAD ./Core/Startup/startup_stm32f103c8tx.o
LOAD ./Drivers/STM32F1xx_HAL_Driver/Src/stm32f1xx_hal.o
LOAD ./Drivers/STM32F1xx_HAL_Driver/Src/stm32f1xx_hal_adc.o
LOAD ./Drivers/STM32F1xx_HAL_Driver/Src/stm32f1xx_hal_adc_ex.o
LOAD ./Drivers/STM32F1xx_HAL_Driver/Src/stm32f1xx_hal_cortex.o
LOAD ./Drivers/STM32F1xx_HAL_Driver/Src/stm32f1xx_hal_dma.o
LOAD ./Drivers/STM32F1xx_HAL_Driver/Src/stm32f1xx_hal_exti.o
LOAD ./Drivers/STM32F1xx_HAL_Driver/Src/stm32f1xx_hal_flash.o
LOAD ./Drivers/STM32F1xx_HAL_Driver/Src/stm32f1xx_hal_flash_ex.o
LOAD ./Drivers/STM32F1xx_HAL_Driver/Src/stm32f1xx_hal_gpio.o
LOAD ./Drivers/STM32F1xx_HAL_Driver/Src/stm32f1xx_hal_gpio_ex.o
LOAD ./Drivers/STM32F1xx_HAL_Driver/Src/stm32f1xx_hal_i2c.o
LOAD ./Drivers/STM32F1xx_HAL_Driver/Src/stm32f1xx_hal_pcd.o
LOAD ./Drivers/STM32F1xx_HAL_Driver/Src/stm32f1xx_hal_pcd_ex.o
LOAD ./Drivers/STM32F1xx_HAL_Driver/Src/stm32f1xx_hal_pwr.o
LOAD ./Drivers/STM32F1xx_HAL_Driver/Src/stm32f1xx_hal_rcc.o
LOAD ./Drivers/STM32F1xx_HAL_Driver/Src/stm32f1xx_hal_rcc_ex.o
LOAD ./Drivers/STM32F1xx_HAL_Driver/Src/stm32f1xx_hal_spi.o
LOAD ./Drivers/STM32F1xx_HAL_Driver/Src/stm32f1xx_hal_tim.o
LOAD ./Drivers/STM32F1xx_HAL_Driver/Src/stm32f1xx_hal_tim_ex.o
LOAD ./Drivers/STM32F1xx_HAL_Driver/Src/stm32f1xx_ll_usb.o
LOAD ./FATFS/App/fatfs.o
LOAD ./FATFS/Target/user_diskio.o
LOAD ./FATFS/Target/user_diskio_spi.o
LOAD ./Middlewares/ST/STM32_USB_Device_Library/Class/CDC/Src/usbd_cdc.o
LOAD ./Middlewares/ST/STM32_USB_Device_Library/Core/Src/usbd_core.o
LOAD ./Middlewares/ST/STM32_USB_Device_Library/Core/Src/usbd_ctlreq.o
LOAD ./Middlewares/ST/STM32_USB_Device_Library/Core/Src/usbd_ioreq.o
LOAD ./Middlewares/Third_Party/FatFs/src/diskio.o
LOAD ./Middlewares/Third_Party/FatFs/src/ff.o
LOAD ./Middlewares/Third_Party/FatFs/src/ff_gen_drv.o
LOAD ./Middlewares/Third_Party/FatFs/src/option/syscall.o
LOAD ./USB_DEVICE/App/usb_device.o
LOAD ./USB_DEVICE/App/usbd_cdc_if.o
LOAD ./USB_DEVICE/App/usbd_desc.o
LOAD ./USB_DEVICE/Target/usbd_conf.o
START GROUP
LOAD /home/nico/st/stm32cubeide_2.0.0/plugins/com.st.stm32cube.ide.mcu.externaltools.gnu-tools-for-stm32.13.3.rel1.linux64_1.0.100.202509120712/tools/bin/../lib/gcc/arm-none-eabi/13.3.1/../../../../arm-none-eabi/lib/thumb/v7-m/nofp/libc_nano.a
LOAD /home/nico/st/stm32cubeide_2.0.0/plugins/com.st.stm32cube.ide.mcu.externaltools.gnu-tools-for-stm32.13.3.rel1.linux64_1.0.100.202509120712/tools/bin/../lib/gcc/arm-none-eabi/13.3.1/../../../../arm-none-eabi/lib/thumb/v7-m/nofp/libm.a
END GROUP
START GROUP
LOAD /home/nico/st/stm32cubeide_2.0.0/plugins/com.st.stm32cube.ide.mcu.externaltools.gnu-tools-for-stm32.13.3.rel1.linux64_1.0.100.202509120712/tools/bin/../lib/gcc/arm-none-eabi/13.3.1/thumb/v7-m/nofp/libgcc.a
LOAD /home/nico/st/stm32cubeide_2.0.0/plugins/com.st.stm32cube.ide.mcu.externaltools.gnu-tools-for-stm32.13.3.rel1.linux64_1.0.100.202509120712/tools/bin/../lib/gcc/arm-none-eabi/13.3.1/../../../../arm-none-eabi/lib/thumb/v7-m/nofp/libc_nano.a
END GROUP
START GROUP
LOAD /home/nico/st/stm32cubeide_2.0.0/plugins/com.st.stm32cube.ide.mcu.externaltools.gnu-tools-for-stm32.13.3.rel1.linux64_1.0.100.202509120712/tools/bin/../lib/gcc/arm-none-eabi/13.3.1/thumb/v7-m/nofp/libgcc.a
LOAD /home/nico/st/stm32cubeide_2.0.0/plugins/com.st.stm32cube.ide.mcu.externaltools.gnu-tools-for-stm32.13.3.rel1.linux64_1.0.100.202509120712/tools/bin/../lib/gcc/arm-none-eabi/13.3.1/../../../../arm-none-eabi/lib/thumb/v7-m/nofp/libc_nano.a
LOAD /home/nico/st/stm32cubeide_2.0.0/plugins/com.st.stm32cube.ide.mcu.externaltools.gnu-tools-for-stm32.13.3.rel1.linux64_1.0.100.202509120712/tools/bin/../lib/gcc/arm-none-eabi/13.3.1/../../../../arm-none-eabi/lib/thumb/v7-m/nofp/libnosys.a
END GROUP
START GROUP
LOAD /home/nico/st/stm32cubeide_2.0.0/plugins/com.st.stm32cube.ide.mcu.externaltools.gnu-tools-for-stm32.13.3.rel1.linux64_1.0.100.202509120712/tools/bin/../lib/gcc/arm-none-eabi/13.3.1/thumb/v7-m/nofp/libgcc.a
LOAD /home/nico/st/stm32cubeide_2.0.0/plugins/com.st.stm32cube.ide.mcu.externaltools.gnu-tools-for-stm32.13.3.rel1.linux64_1.0.100.202509120712/tools/bin/../lib/gcc/arm-none-eabi/13.3.1/../../../../arm-none-eabi/lib/thumb/v7-m/nofp/libc_nano.a
LOAD /home/nico/st/stm32cubeide_2.0.0/plugins/com.st.stm32cube.ide.mcu.externaltools.gnu-tools-for-stm32.13.3.rel1.linux64_1.0.100.202509120712/tools/bin/../lib/gcc/arm-none-eabi/13.3.1/../../../../arm-none-eabi/lib/thumb/v7-m/nofp/libnosys.a
END GROUP
LOAD /home/nico/st/stm32cubeide_2.0.0/plugins/com.st.stm32cube.ide.mcu.externaltools.gnu-tools-for-stm32.13.3.rel1.linux64_1.0.100.202509120712/tools/bin/../lib/gcc/arm-none-eabi/13.3.1/thumb/v7-m/nofp/crtend.o
LOAD /home/nico/st/stm32cubeide_2.0.0/plugins/com.st.stm32cube.ide.mcu.externaltools.gnu-tools-for-stm32.13.3.rel1.linux64_1.0.100.202509120712/tools/bin/../lib/gcc/arm-none-eabi/13.3.1/thumb/v7-m/nofp/crtn.o
                0x20005000                        _estack = (ORIGIN (RAM) + LENGTH (RAM))
                0x00000200                        _Min_Heap_Size = 0x200
                0x00000400                        _Min_Stack_Size = 0x400

.isr_vector     0x08000000      0x10c
                0x08000000                        . = ALIGN (0x4)
 *(.isr_vector)
 .isr_vector    0x08000000      0x10c ./Core/Startup/startup_stm32f103c8tx.o
                0x08000000                g_pfnVectors
                0x0800010c                        . = ALIGN (0x4)

.text           0x08000110     0xa630
                0x08000110                        . = ALIGN (0x4)
 *(.text)
 .text          0x08000110       0x40 /home/nico/st/stm32cubeide_2.0.0/plugins/com.st.stm32cube.ide.mcu.externaltools.gnu-tools-for-stm32.13.3.rel1.linux64_1.0.100.202509120712/tools/bin/../lib/gcc/arm-none-eabi/13.3.1/thumb/v7-m/nofp/crtbegin.o
 .text          0x08000150       0x10 /home/nico/st/stm32cubeide_2.0.0/plugins/com.st.stm32cube.ide.mcu.externaltools.gnu-tools-for-stm32.13.3.rel1.linux64_1.0.100.202509120712/tools/bin/../lib/gcc/arm-none-eabi/13.3.1/../../../../arm-none-eabi/lib/thumb/v7-m/nofp/libc_nano.a(libc_a-strlen.o)
                0x08000150                strlen
 .text          0x08000160      0x378 /home/nico/st/stm32cubeide_2.0.0/plugins/com.st.stm32cube.ide.mcu.externaltools.gnu-tools-for-stm32.13.3.rel1.linux64_1.0.100.202509120712/tools/bin/../lib/gcc/arm-none-eabi/13.3.1/thumb/v7-m/nofp/libgcc.a(_arm_addsubdf3.o)
                0x08000160                __aeabi_drsub
                0x08000168                __aeabi_dsub
                0x08000168                __subdf3
                0x0800016c                __adddf3
                0x0800016c                __aeabi_dadd
                0x080003e4                __aeabi_ui2d
                0x080003e4                __floatunsidf
                0x08000404                __floatsidf
                0x08000404                __aeabi_i2d
                0x08000428                __extendsfdf2
                0x08000428                __aeabi_f2d
                0x0800046c                __aeabi_ul2d
                0x0800046c                __floatundidf
                0x0800047c                __floatdidf
                0x0800047c                __aeabi_l2d
 .text          0x080004d8      0x424 /home/nico/st/stm32cubeide_2.0.0/plugins/com.st.stm32cube.ide.mcu.externaltools.gnu-tools-for-stm32.13.3.rel1.linux64_1.0.100.202509120712/tools/bin/../lib/gcc/arm-none-eabi/13.3.1/thumb/v7-m/nofp/libgcc.a(_arm_muldivdf3.o)
                0x080004d8                __aeabi_dmul
                0x080004d8                __muldf3
                0x0800072c                __aeabi_ddiv
                0x0800072c                __divdf3
 .text          0x080008fc      0x110 /home/nico/st/stm32cubeide_2.0.0/plugins/com.st.stm32cube.ide.mcu.externaltools.gnu-tools-for-stm32.13.3.rel1.linux64_1.0.100.202509120712/tools/bin/../lib/gcc/arm-none-eabi/13.3.1/thumb/v7-m/nofp/libgcc.a(_arm_cmpdf2.o)
                0x080008fc                __gtdf2
                0x080008fc                __gedf2
                0x08000904                __ltdf2
                0x08000904                __ledf2
                0x0800090c                __cmpdf2
                0x0800090c                __eqdf2
                0x0800090c                __nedf2
                0x08000988                __aeabi_cdrcmple
                0x08000998                __aeabi_cdcmple
                0x08000998                __aeabi_cdcmpeq
                0x080009a8                __aeabi_dcmpeq
                0x080009bc                __aeabi_dcmplt
                0x080009d0                __aeabi_dcmple
                0x080009e4                __aeabi_dcmpge
                0x080009f8                __aeabi_dcmpgt
 .text          0x08000a0c       0x2c /home/nico/st/stm32cubeide_2.0.0/plugins/com.st.stm32cube.ide.mcu.externaltools.gnu-tools-for-stm32.13.3.rel1.linux64_1.0.100.202509120712/tools/bin/../lib/gcc/arm-none-eabi/13.3.1/thumb/v7-m/nofp/libgcc.a(_arm_unorddf2.o)
                0x08000a0c                __aeabi_dcmpun
                0x08000a0c                __unorddf2
 .text          0x08000a38       0x50 /home/nico/st/stm32cubeide_2.0.0/plugins/com.st.stm32cube.ide.mcu.externaltools.gnu-tools-for-stm32.13.3.rel1.linux64_1.0.100.202509120712/tools/bin/../lib/gcc/arm-none-eabi/13.3.1/thumb/v7-m/nofp/libgcc.a(_arm_fixdfsi.o)
                0x08000a38                __fixdfsi
                0x08000a38                __aeabi_d2iz
 .text          0x08000a88      0x21c /home/nico/st/stm32cubeide_2.0.0/plugins/com.st.stm32cube.ide.mcu.externaltools.gnu-tools-for-stm32.13.3.rel1.linux64_1.0.100.202509120712/tools/bin/../lib/gcc/arm-none-eabi/13.3.1/thumb/v7-m/nofp/libgcc.a(_arm_addsubsf3.o)
                0x08000a88                __aeabi_frsub
                0x08000a90                __subsf3
                0x08000a90                __aeabi_fsub
                0x08000a94                __aeabi_fadd
                0x08000a94                __addsf3
                0x08000bf4                __aeabi_ui2f
                0x08000bf4                __floatunsisf
                0x08000bfc                __aeabi_i2f
                0x08000bfc                __floatsisf
                0x08000c18                __floatundisf
                0x08000c18                __aeabi_ul2f
                0x08000c28                __floatdisf
                0x08000c28                __aeabi_l2f
 .text          0x08000ca4      0x2a0 /home/nico/st/stm32cubeide_2.0.0/plugins/com.st.stm32cube.ide.mcu.externaltools.gnu-tools-for-stm32.13.3.rel1.linux64_1.0.100.202509120712/tools/bin/../lib/gcc/arm-none-eabi/13.3.1/thumb/v7-m/nofp/libgcc.a(_arm_muldivsf3.o)
                0x08000ca4                __mulsf3
                0x08000ca4                __aeabi_fmul
                0x08000e0c                __divsf3
                0x08000e0c                __aeabi_fdiv
 *(.text*)
 .text.SystemClock_Config
                0x08000f44       0x82 ./Core/Src/main.o
                0x08000f44                SystemClock_Config
 *fill*         0x08000fc6        0x2 
 .text.MX_I2C1_Init
                0x08000fc8       0xa4 ./Core/Src/main.o
                0x08000fc8                MX_I2C1_Init
 .text.logToSD  0x0800106c       0x44 ./Core/Src/main.o
                0x0800106c                logToSD
 .text.serial_print
                0x080010b0       0x14 ./Core/Src/main.o
                0x080010b0                serial_print
 .text.HAL_TIM_PeriodElapsedCallback
                0x080010c4       0x18 ./Core/Src/main.o
                0x080010c4                HAL_TIM_PeriodElapsedCallback
 .text.micros32
                0x080010dc       0x24 ./Core/Src/main.o
                0x080010dc                micros32
 .text.startup.main
                0x08001100      0x5c0 ./Core/Src/main.o
                0x08001100                main
 .text.Error_Handler
                0x080016c0        0x4 ./Core/Src/main.o
                0x080016c0                Error_Handler
 .text.ssd1306_WriteCommand
                0x080016c4       0x22 ./Core/Src/ssd1306.o
 *fill*         0x080016e6        0x2 
 .text.ssd1306_Fill
                0x080016e8       0x20 ./Core/Src/ssd1306.o
                0x080016e8                ssd1306_Fill
 .text.ssd1306_UpdateScreen
                0x08001708       0x4c ./Core/Src/ssd1306.o
                0x08001708                ssd1306_UpdateScreen
 .text.ssd1306_Init
                0x08001754      0x148 ./Core/Src/ssd1306.o
                0x08001754                ssd1306_Init
 .text.ssd1306_DrawPixel
                0x0800189c       0x48 ./Core/Src/ssd1306.o
                0x0800189c                ssd1306_DrawPixel
 .text.ssd1306_WriteChar
                0x080018e4       0xa4 ./Core/Src/ssd1306.o
                0x080018e4                ssd1306_WriteChar
 .text.ssd1306_WriteString
                0x08001988       0x28 ./Core/Src/ssd1306.o
                0x08001988                ssd1306_WriteString
 .text.ssd1306_SetCursor
                0x080019b0        0xc ./Core/Src/ssd1306.o
                0x080019b0                ssd1306_SetCursor
 .text.HAL_MspInit
                0x080019bc       0x44 ./Core/Src/stm32f1xx_hal_msp.o
                0x080019bc                HAL_MspInit
 .text.HAL_ADC_MspInit
                0x08001a00       0xa4 ./Core/Src/stm32f1xx_hal_msp.o
                0x08001a00                HAL_ADC_MspInit
 .text.HAL_I2C_MspInit
                0x08001aa4       0x64 ./Core/Src/stm32f1xx_hal_msp.o
                0x08001aa4                HAL_I2C_MspInit
 .text.HAL_SPI_MspInit
                0x08001b08       0x84 ./Core/Src/stm32f1xx_hal_msp.o
                0x08001b08                HAL_SPI_MspInit
 .text.HAL_TIM_Base_MspInit
                0x08001b8c       0x3c ./Core/Src/stm32f1xx_hal_msp.o
                0x08001b8c                HAL_TIM_Base_MspInit
 .text.NMI_Handler
                0x08001bc8        0x2 ./Core/Src/stm32f1xx_it.o
                0x08001bc8                NMI_Handler
 .text.HardFault_Handler
                0x08001bca        0x2 ./Core/Src/stm32f1xx_it.o
                0x08001bca                HardFault_Handler
 .text.MemManage_Handler
                0x08001bcc        0x2 ./Core/Src/stm32f1xx_it.o
                0x08001bcc                MemManage_Handler
 .text.BusFault_Handler
                0x08001bce        0x2 ./Core/Src/stm32f1xx_it.o
                0x08001bce                BusFault_Handler
 .text.UsageFault_Handler
                0x08001bd0        0x2 ./Core/Src/stm32f1xx_it.o
                0x08001bd0                UsageFault_Handler
 .text.SVC_Handler
                0x08001bd2        0x2 ./Core/Src/stm32f1xx_it.o
                0x08001bd2                SVC_Handler
 .text.DebugMon_Handler
                0x08001bd4        0x2 ./Core/Src/stm32f1xx_it.o
                0x08001bd4                DebugMon_Handler
 .text.PendSV_Handler
                0x08001bd6        0x2 ./Core/Src/stm32f1xx_it.o
                0x08001bd6                PendSV_Handler
 .text.SysTick_Handler
                0x08001bd8        0x4 ./Core/Src/stm32f1xx_it.o
                0x08001bd8                SysTick_Handler
 .text.USB_LP_CAN1_RX0_IRQHandler
                0x08001bdc        0xc ./Core/Src/stm32f1xx_it.o
                0x08001bdc                USB_LP_CAN1_RX0_IRQHandler
 .text.TIM2_IRQHandler
                0x08001be8        0xc ./Core/Src/stm32f1xx_it.o
                0x08001be8                TIM2_IRQHandler
 .text._getpid  0x08001bf4        0x4 ./Core/Src/syscalls.o
                0x08001bf4                _getpid
 .text._kill    0x08001bf8       0x10 ./Core/Src/syscalls.o
                0x08001bf8                _kill
 .text._exit    0x08001c08        0xc ./Core/Src/syscalls.o
                0x08001c08                _exit
 .text._read    0x08001c14       0x1c ./Core/Src/syscalls.o
                0x08001c14                _read
 .text._write   0x08001c30       0x1c ./Core/Src/syscalls.o
                0x08001c30                _write
 .text._close   0x08001c4c        0x6 ./Core/Src/syscalls.o
                0x08001c4c                _close
 .text._fstat   0x08001c52        0xa ./Core/Src/syscalls.o
                0x08001c52                _fstat
 .text._isatty  0x08001c5c        0x4 ./Core/Src/syscalls.o
                0x08001c5c                _isatty
 .text._lseek   0x08001c60        0x4 ./Core/Src/syscalls.o
                0x08001c60                _lseek
 .text._sbrk    0x08001c64       0x40 ./Core/Src/sysmem.o
                0x08001c64                _sbrk
 .text.SystemInit
                0x08001ca4        0x2 ./Core/Src/system_stm32f1xx.o
                0x08001ca4                SystemInit
 *fill*         0x08001ca6        0x2 
 .text.Reset_Handler
                0x08001ca8       0x48 ./Core/Startup/startup_stm32f103c8tx.o
                0x08001ca8                Reset_Handler
 .text.Default_Handler
                0x08001cf0        0x2 ./Core/Startup/startup_stm32f103c8tx.o
                0x08001cf0                RTC_Alarm_IRQHandler
                0x08001cf0                EXTI2_IRQHandler
                0x08001cf0                TIM1_CC_IRQHandler
                0x08001cf0                PVD_IRQHandler
                0x08001cf0                EXTI3_IRQHandler
                0x08001cf0                EXTI0_IRQHandler
                0x08001cf0                I2C2_EV_IRQHandler
                0x08001cf0                ADC1_2_IRQHandler
                0x08001cf0                SPI1_IRQHandler
                0x08001cf0                TAMPER_IRQHandler
                0x08001cf0                DMA1_Channel4_IRQHandler
                0x08001cf0                USART3_IRQHandler
                0x08001cf0                RTC_IRQHandler
                0x08001cf0                DMA1_Channel7_IRQHandler
                0x08001cf0                CAN1_RX1_IRQHandler
                0x08001cf0                TIM4_IRQHandler
                0x08001cf0                I2C1_EV_IRQHandler
                0x08001cf0                DMA1_Channel6_IRQHandler
                0x08001cf0                TIM3_IRQHandler
                0x08001cf0                RCC_IRQHandler
                0x08001cf0                TIM1_TRG_COM_IRQHandler
                0x08001cf0                DMA1_Channel1_IRQHandler
                0x08001cf0                Default_Handler
                0x08001cf0                EXTI15_10_IRQHandler
                0x08001cf0                EXTI9_5_IRQHandler
                0x08001cf0                SPI2_IRQHandler
                0x08001cf0                DMA1_Channel5_IRQHandler
                0x08001cf0                EXTI4_IRQHandler
                0x08001cf0                USB_HP_CAN1_TX_IRQHandler
                0x08001cf0                DMA1_Channel3_IRQHandler
                0x08001cf0                TIM1_UP_IRQHandler
                0x08001cf0                WWDG_IRQHandler
                0x08001cf0                TIM1_BRK_IRQHandler
                0x08001cf0                EXTI1_IRQHandler
                0x08001cf0                USART2_IRQHandler
                0x08001cf0                I2C2_ER_IRQHandler
                0x08001cf0                DMA1_Channel2_IRQHandler
                0x08001cf0                CAN1_SCE_IRQHandler
                0x08001cf0                FLASH_IRQHandler
                0x08001cf0                USART1_IRQHandler
                0x08001cf0                I2C1_ER_IRQHandler
                0x08001cf0                USBWakeUp_IRQHandler
 *fill*         0x08001cf2        0x2 
 .text.HAL_InitTick
                0x08001cf4       0x48 ./Drivers/STM32F1xx_HAL_Driver/Src/stm32f1xx_hal.o
                0x08001cf4                HAL_InitTick
 .text.HAL_Init
                0x08001d3c       0x24 ./Drivers/STM32F1xx_HAL_Driver/Src/stm32f1xx_hal.o
                0x08001d3c                HAL_Init
 .text.HAL_IncTick
                0x08001d60       0x18 ./Drivers/STM32F1xx_HAL_Driver/Src/stm32f1xx_hal.o
                0x08001d60                HAL_IncTick
 .text.HAL_GetTick
                0x08001d78        0xc ./Drivers/STM32F1xx_HAL_Driver/Src/stm32f1xx_hal.o
                0x08001d78                HAL_GetTick
 .text.HAL_Delay
                0x08001d84       0x24 ./Drivers/STM32F1xx_HAL_Driver/Src/stm32f1xx_hal.o
                0x08001d84                HAL_Delay
 .text.HAL_ADC_PollForConversion
                0x08001da8      0x148 ./Drivers/STM32F1xx_HAL_Driver/Src/stm32f1xx_hal_adc.o
                0x08001da8                HAL_ADC_PollForConversion
 .text.HAL_ADC_GetValue
                0x08001ef0        0x6 ./Drivers/STM32F1xx_HAL_Driver/Src/stm32f1xx_hal_adc.o
                0x08001ef0                HAL_ADC_GetValue
 *fill*         0x08001ef6        0x2 
 .text.HAL_ADC_ConfigChannel
                0x08001ef8       0xfc ./Drivers/STM32F1xx_HAL_Driver/Src/stm32f1xx_hal_adc.o
                0x08001ef8                HAL_ADC_ConfigChannel
 .text.ADC_Enable
                0x08001ff4       0x78 ./Drivers/STM32F1xx_HAL_Driver/Src/stm32f1xx_hal_adc.o
                0x08001ff4                ADC_Enable
 .text.HAL_ADC_Start
                0x0800206c       0xc4 ./Drivers/STM32F1xx_HAL_Driver/Src/stm32f1xx_hal_adc.o
                0x0800206c                HAL_ADC_Start
 .text.ADC_ConversionStop_Disable
                0x08002130       0x4c ./Drivers/STM32F1xx_HAL_Driver/Src/stm32f1xx_hal_adc.o
                0x08002130                ADC_ConversionStop_Disable
 .text.HAL_ADC_Init
                0x0800217c       0xfc ./Drivers/STM32F1xx_HAL_Driver/Src/stm32f1xx_hal_adc.o
                0x0800217c                HAL_ADC_Init
 .text.HAL_NVIC_SetPriorityGrouping
                0x08002278       0x24 ./Drivers/STM32F1xx_HAL_Driver/Src/stm32f1xx_hal_cortex.o
                0x08002278                HAL_NVIC_SetPriorityGrouping
 .text.HAL_NVIC_SetPriority
                0x0800229c       0x60 ./Drivers/STM32F1xx_HAL_Driver/Src/stm32f1xx_hal_cortex.o
                0x0800229c                HAL_NVIC_SetPriority
 .text.HAL_NVIC_EnableIRQ
                0x080022fc       0x1c ./Drivers/STM32F1xx_HAL_Driver/Src/stm32f1xx_hal_cortex.o
                0x080022fc                HAL_NVIC_EnableIRQ
 .text.HAL_SYSTICK_Config
                0x08002318       0x28 ./Drivers/STM32F1xx_HAL_Driver/Src/stm32f1xx_hal_cortex.o
                0x08002318                HAL_SYSTICK_Config
 .text.HAL_GPIO_Init
                0x08002340      0x1a8 ./Drivers/STM32F1xx_HAL_Driver/Src/stm32f1xx_hal_gpio.o
                0x08002340                HAL_GPIO_Init
 .text.HAL_GPIO_WritePin
                0x080024e8        0xa ./Drivers/STM32F1xx_HAL_Driver/Src/stm32f1xx_hal_gpio.o
                0x080024e8                HAL_GPIO_WritePin
 .text.HAL_I2C_AddrCallback
                0x080024f2        0x2 ./Drivers/STM32F1xx_HAL_Driver/Src/stm32f1xx_hal_i2c.o
                0x080024f2                HAL_I2C_AddrCallback
 .text.I2C_IsAcknowledgeFailed
                0x080024f4       0x32 ./Drivers/STM32F1xx_HAL_Driver/Src/stm32f1xx_hal_i2c.o
 .text.I2C_WaitOnFlagUntilTimeout
                0x08002526       0x80 ./Drivers/STM32F1xx_HAL_Driver/Src/stm32f1xx_hal_i2c.o
 .text.I2C_WaitOnMasterAddressFlagUntilTimeout
                0x080025a6       0x84 ./Drivers/STM32F1xx_HAL_Driver/Src/stm32f1xx_hal_i2c.o
 .text.I2C_WaitOnTXEFlagUntilTimeout
                0x0800262a       0x54 ./Drivers/STM32F1xx_HAL_Driver/Src/stm32f1xx_hal_i2c.o
 *fill*         0x0800267e        0x2 
 .text.I2C_RequestMemoryWrite
                0x08002680       0xb4 ./Drivers/STM32F1xx_HAL_Driver/Src/stm32f1xx_hal_i2c.o
 .text.I2C_WaitOnBTFFlagUntilTimeout
                0x08002734       0x54 ./Drivers/STM32F1xx_HAL_Driver/Src/stm32f1xx_hal_i2c.o
 .text.HAL_I2C_AbortCpltCallback
                0x08002788        0x2 ./Drivers/STM32F1xx_HAL_Driver/Src/stm32f1xx_hal_i2c.o
                0x08002788                HAL_I2C_AbortCpltCallback
 .text.HAL_I2C_MasterTxCpltCallback
                0x0800278a        0x2 ./Drivers/STM32F1xx_HAL_Driver/Src/stm32f1xx_hal_i2c.o
                0x0800278a                HAL_I2C_MasterTxCpltCallback
 .text.HAL_I2C_MasterRxCpltCallback
                0x0800278c        0x2 ./Drivers/STM32F1xx_HAL_Driver/Src/stm32f1xx_hal_i2c.o
                0x0800278c                HAL_I2C_MasterRxCpltCallback
 .text.HAL_I2C_SlaveTxCpltCallback
                0x0800278e        0x2 ./Drivers/STM32F1xx_HAL_Driver/Src/stm32f1xx_hal_i2c.o
                0x0800278e                HAL_I2C_SlaveTxCpltCallback
 .text.HAL_I2C_SlaveRxCpltCallback
                0x08002790        0x2 ./Drivers/STM32F1xx_HAL_Driver/Src/stm32f1xx_hal_i2c.o
                0x08002790                HAL_I2C_SlaveRxCpltCallback
 .text.HAL_I2C_ListenCpltCallback
                0x08002792        0x2 ./Drivers/STM32F1xx_HAL_Driver/Src/stm32f1xx_hal_i2c.o
                0x08002792                HAL_I2C_ListenCpltCallback
 .text.HAL_I2C_MemTxCpltCallback
                0x08002794        0x2 ./Drivers/STM32F1xx_HAL_Driver/Src/stm32f1xx_hal_i2c.o
                0x08002794                HAL_I2C_MemTxCpltCallback
 .text.HAL_I2C_MemRxCpltCallback
                0x08002796        0x2 ./Drivers/STM32F1xx_HAL_Driver/Src/stm32f1xx_hal_i2c.o
                0x08002796                HAL_I2C_MemRxCpltCallback
 .text.HAL_I2C_ErrorCallback
                0x08002798        0x2 ./Drivers/STM32F1xx_HAL_Driver/Src/stm32f1xx_hal_i2c.o
                0x08002798                HAL_I2C_ErrorCallback
 *fill*         0x0800279a        0x2 
 .text.HAL_I2C_Init
                0x0800279c      0x1b0 ./Drivers/STM32F1xx_HAL_Driver/Src/stm32f1xx_hal_i2c.o
                0x0800279c                HAL_I2C_Init
 .text.HAL_I2C_Mem_Write
                0x0800294c      0x120 ./Drivers/STM32F1xx_HAL_Driver/Src/stm32f1xx_hal_i2c.o
                0x0800294c                HAL_I2C_Mem_Write
 .text.HAL_PCD_Init
                0x08002a6c       0xc6 ./Drivers/STM32F1xx_HAL_Driver/Src/stm32f1xx_hal_pcd.o
                0x08002a6c                HAL_PCD_Init
 .text.HAL_PCD_Start
                0x08002b32       0x32 ./Drivers/STM32F1xx_HAL_Driver/Src/stm32f1xx_hal_pcd.o
                0x08002b32                HAL_PCD_Start
 .text.HAL_PCD_SetAddress
                0x08002b64       0x26 ./Drivers/STM32F1xx_HAL_Driver/Src/stm32f1xx_hal_pcd.o
                0x08002b64                HAL_PCD_SetAddress
 *fill*         0x08002b8a        0x2 
 .text.HAL_PCD_IRQHandler
                0x08002b8c      0xa08 ./Drivers/STM32F1xx_HAL_Driver/Src/stm32f1xx_hal_pcd.o
                0x08002b8c                HAL_PCD_IRQHandler
 .text.HAL_PCD_EP_Open
                0x08003594       0x60 ./Drivers/STM32F1xx_HAL_Driver/Src/stm32f1xx_hal_pcd.o
                0x08003594                HAL_PCD_EP_Open
 .text.HAL_PCD_EP_Close
                0x080035f4       0x50 ./Drivers/STM32F1xx_HAL_Driver/Src/stm32f1xx_hal_pcd.o
                0x080035f4                HAL_PCD_EP_Close
 .text.HAL_PCD_EP_Receive
                0x08003644       0x2e ./Drivers/STM32F1xx_HAL_Driver/Src/stm32f1xx_hal_pcd.o
                0x08003644                HAL_PCD_EP_Receive
 .text.HAL_PCD_EP_GetRxCount
                0x08003672       0x10 ./Drivers/STM32F1xx_HAL_Driver/Src/stm32f1xx_hal_pcd.o
                0x08003672                HAL_PCD_EP_GetRxCount
 .text.HAL_PCD_EP_Transmit
                0x08003682       0x30 ./Drivers/STM32F1xx_HAL_Driver/Src/stm32f1xx_hal_pcd.o
                0x08003682                HAL_PCD_EP_Transmit
 .text.HAL_PCD_EP_SetStall
                0x080036b2       0x6c ./Drivers/STM32F1xx_HAL_Driver/Src/stm32f1xx_hal_pcd.o
                0x080036b2                HAL_PCD_EP_SetStall
 .text.HAL_PCD_EP_ClrStall
                0x0800371e       0x64 ./Drivers/STM32F1xx_HAL_Driver/Src/stm32f1xx_hal_pcd.o
                0x0800371e                HAL_PCD_EP_ClrStall
 .text.HAL_PCDEx_PMAConfig
                0x08003782       0x32 ./Drivers/STM32F1xx_HAL_Driver/Src/stm32f1xx_hal_pcd_ex.o
                0x08003782                HAL_PCDEx_PMAConfig
 .text.HAL_RCC_OscConfig
                0x080037b4      0x338 ./Drivers/STM32F1xx_HAL_Driver/Src/stm32f1xx_hal_rcc.o
                0x080037b4                HAL_RCC_OscConfig
 .text.HAL_RCC_GetSysClockFreq
                0x08003aec       0x4c ./Drivers/STM32F1xx_HAL_Driver/Src/stm32f1xx_hal_rcc.o
                0x08003aec                HAL_RCC_GetSysClockFreq
 .text.HAL_RCC_ClockConfig
                0x08003b38      0x138 ./Drivers/STM32F1xx_HAL_Driver/Src/stm32f1xx_hal_rcc.o
                0x08003b38                HAL_RCC_ClockConfig
 .text.HAL_RCC_GetPCLK1Freq
                0x08003c70       0x20 ./Drivers/STM32F1xx_HAL_Driver/Src/stm32f1xx_hal_rcc.o
                0x08003c70                HAL_RCC_GetPCLK1Freq
 .text.HAL_RCC_GetPCLK2Freq
                0x08003c90       0x20 ./Drivers/STM32F1xx_HAL_Driver/Src/stm32f1xx_hal_rcc.o
                0x08003c90                HAL_RCC_GetPCLK2Freq
 .text.HAL_RCCEx_PeriphCLKConfig
                0x08003cb0       0xf4 ./Drivers/STM32F1xx_HAL_Driver/Src/stm32f1xx_hal_rcc_ex.o
                0x08003cb0                HAL_RCCEx_PeriphCLKConfig
 .text.HAL_RCCEx_GetPeriphCLKFreq
                0x08003da4       0xbc ./Drivers/STM32F1xx_HAL_Driver/Src/stm32f1xx_hal_rcc_ex.o
                0x08003da4                HAL_RCCEx_GetPeriphCLKFreq
 .text.SPI_WaitFlagStateUntilTimeout
                0x08003e60       0xb8 ./Drivers/STM32F1xx_HAL_Driver/Src/stm32f1xx_hal_spi.o
 .text.SPI_EndRxTxTransaction
                0x08003f18       0x38 ./Drivers/STM32F1xx_HAL_Driver/Src/stm32f1xx_hal_spi.o
 .text.HAL_SPI_Init
                0x08003f50       0xb0 ./Drivers/STM32F1xx_HAL_Driver/Src/stm32f1xx_hal_spi.o
                0x08003f50                HAL_SPI_Init
 .text.HAL_SPI_Transmit
                0x08004000      0x160 ./Drivers/STM32F1xx_HAL_Driver/Src/stm32f1xx_hal_spi.o
                0x08004000                HAL_SPI_Transmit
 .text.HAL_SPI_TransmitReceive
                0x08004160      0x1f8 ./Drivers/STM32F1xx_HAL_Driver/Src/stm32f1xx_hal_spi.o
                0x08004160                HAL_SPI_TransmitReceive
 .text.HAL_TIM_Base_Start_IT
                0x08004358       0x54 ./Drivers/STM32F1xx_HAL_Driver/Src/stm32f1xx_hal_tim.o
                0x08004358                HAL_TIM_Base_Start_IT
 .text.HAL_TIM_OC_DelayElapsedCallback
                0x080043ac        0x2 ./Drivers/STM32F1xx_HAL_Driver/Src/stm32f1xx_hal_tim.o
                0x080043ac                HAL_TIM_OC_DelayElapsedCallback
 .text.HAL_TIM_IC_CaptureCallback
                0x080043ae        0x2 ./Drivers/STM32F1xx_HAL_Driver/Src/stm32f1xx_hal_tim.o
                0x080043ae                HAL_TIM_IC_CaptureCallback
 .text.HAL_TIM_PWM_PulseFinishedCallback
                0x080043b0        0x2 ./Drivers/STM32F1xx_HAL_Driver/Src/stm32f1xx_hal_tim.o
                0x080043b0                HAL_TIM_PWM_PulseFinishedCallback
 .text.HAL_TIM_TriggerCallback
                0x080043b2        0x2 ./Drivers/STM32F1xx_HAL_Driver/Src/stm32f1xx_hal_tim.o
                0x080043b2                HAL_TIM_TriggerCallback
 .text.HAL_TIM_IRQHandler
                0x080043b4      0x128 ./Drivers/STM32F1xx_HAL_Driver/Src/stm32f1xx_hal_tim.o
                0x080043b4                HAL_TIM_IRQHandler
 .text.TIM_Base_SetConfig
                0x080044dc       0x64 ./Drivers/STM32F1xx_HAL_Driver/Src/stm32f1xx_hal_tim.o
                0x080044dc                TIM_Base_SetConfig
 .text.HAL_TIM_Base_Init
                0x08004540       0x58 ./Drivers/STM32F1xx_HAL_Driver/Src/stm32f1xx_hal_tim.o
                0x08004540                HAL_TIM_Base_Init
 .text.TIM_ETR_SetConfig
                0x08004598       0x14 ./Drivers/STM32F1xx_HAL_Driver/Src/stm32f1xx_hal_tim.o
                0x08004598                TIM_ETR_SetConfig
 .text.HAL_TIM_ConfigClockSource
                0x080045ac      0x132 ./Drivers/STM32F1xx_HAL_Driver/Src/stm32f1xx_hal_tim.o
                0x080045ac                HAL_TIM_ConfigClockSource
 *fill*         0x080046de        0x2 
 .text.HAL_TIMEx_MasterConfigSynchronization
                0x080046e0       0x5c ./Drivers/STM32F1xx_HAL_Driver/Src/stm32f1xx_hal_tim_ex.o
                0x080046e0                HAL_TIMEx_MasterConfigSynchronization
 .text.HAL_TIMEx_CommutCallback
                0x0800473c        0x2 ./Drivers/STM32F1xx_HAL_Driver/Src/stm32f1xx_hal_tim_ex.o
                0x0800473c                HAL_TIMEx_CommutCallback
 .text.HAL_TIMEx_BreakCallback
                0x0800473e        0x2 ./Drivers/STM32F1xx_HAL_Driver/Src/stm32f1xx_hal_tim_ex.o
                0x0800473e                HAL_TIMEx_BreakCallback
 .text.USB_CoreInit
                0x08004740        0xe ./Drivers/STM32F1xx_HAL_Driver/Src/stm32f1xx_ll_usb.o
                0x08004740                USB_CoreInit
 .text.USB_EnableGlobalInt
                0x0800474e       0x12 ./Drivers/STM32F1xx_HAL_Driver/Src/stm32f1xx_ll_usb.o
                0x0800474e                USB_EnableGlobalInt
 .text.USB_DisableGlobalInt
                0x08004760       0x14 ./Drivers/STM32F1xx_HAL_Driver/Src/stm32f1xx_ll_usb.o
                0x08004760                USB_DisableGlobalInt
 .text.USB_SetCurrentMode
                0x08004774        0x4 ./Drivers/STM32F1xx_HAL_Driver/Src/stm32f1xx_ll_usb.o
                0x08004774                USB_SetCurrentMode
 .text.USB_DevInit
                0x08004778       0x22 ./Drivers/STM32F1xx_HAL_Driver/Src/stm32f1xx_ll_usb.o
                0x08004778                USB_DevInit
 *fill*         0x0800479a        0x2 
 .text.USB_ActivateEndpoint
                0x0800479c      0x2c0 ./Drivers/STM32F1xx_HAL_Driver/Src/stm32f1xx_ll_usb.o
                0x0800479c                USB_ActivateEndpoint
 .text.USB_DeactivateEndpoint
                0x08004a5c      0x1a6 ./Drivers/STM32F1xx_HAL_Driver/Src/stm32f1xx_ll_usb.o
                0x08004a5c                USB_DeactivateEndpoint
 .text.USB_EPSetStall
                0x08004c02       0x40 ./Drivers/STM32F1xx_HAL_Driver/Src/stm32f1xx_ll_usb.o
                0x08004c02                USB_EPSetStall
 .text.USB_EPClearStall
                0x08004c42       0x92 ./Drivers/STM32F1xx_HAL_Driver/Src/stm32f1xx_ll_usb.o
                0x08004c42                USB_EPClearStall
 .text.USB_SetDevAddress
                0x08004cd4        0xc ./Drivers/STM32F1xx_HAL_Driver/Src/stm32f1xx_ll_usb.o
                0x08004cd4                USB_SetDevAddress
 .text.USB_DevConnect
                0x08004ce0        0x4 ./Drivers/STM32F1xx_HAL_Driver/Src/stm32f1xx_ll_usb.o
                0x08004ce0                USB_DevConnect
 .text.USB_DevDisconnect
                0x08004ce4        0x4 ./Drivers/STM32F1xx_HAL_Driver/Src/stm32f1xx_ll_usb.o
                0x08004ce4                USB_DevDisconnect
 .text.USB_ReadInterrupts
                0x08004ce8        0x8 ./Drivers/STM32F1xx_HAL_Driver/Src/stm32f1xx_ll_usb.o
                0x08004ce8                USB_ReadInterrupts
 .text.USB_EP0_OutStart
                0x08004cf0        0x4 ./Drivers/STM32F1xx_HAL_Driver/Src/stm32f1xx_ll_usb.o
                0x08004cf0                USB_EP0_OutStart
 .text.USB_WritePMA
                0x08004cf4       0x20 ./Drivers/STM32F1xx_HAL_Driver/Src/stm32f1xx_ll_usb.o
                0x08004cf4                USB_WritePMA
 .text.USB_EPStartXfer
                0x08004d14      0x46a ./Drivers/STM32F1xx_HAL_Driver/Src/stm32f1xx_ll_usb.o
                0x08004d14                USB_EPStartXfer
 .text.USB_ReadPMA
                0x0800517e       0x38 ./Drivers/STM32F1xx_HAL_Driver/Src/stm32f1xx_ll_usb.o
                0x0800517e                USB_ReadPMA
 *fill*         0x080051b6        0x2 
 .text.MX_FATFS_Init
                0x080051b8       0x1c ./FATFS/App/fatfs.o
                0x080051b8                MX_FATFS_Init
 .text.get_fattime
                0x080051d4        0x4 ./FATFS/App/fatfs.o
                0x080051d4                get_fattime
 .text.USER_initialize
                0x080051d8        0x4 ./FATFS/Target/user_diskio.o
                0x080051d8                USER_initialize
 .text.USER_status
                0x080051dc        0x4 ./FATFS/Target/user_diskio.o
                0x080051dc                USER_status
 .text.USER_read
                0x080051e0        0x4 ./FATFS/Target/user_diskio.o
                0x080051e0                USER_read
 .text.USER_write
                0x080051e4        0x4 ./FATFS/Target/user_diskio.o
                0x080051e4                USER_write
 .text.USER_ioctl
                0x080051e8        0x4 ./FATFS/Target/user_diskio.o
                0x080051e8                USER_ioctl
 .text.xchg_spi
                0x080051ec       0x28 ./FATFS/Target/user_diskio_spi.o
 .text.wait_ready
                0x08005214       0x2a ./FATFS/Target/user_diskio_spi.o
 *fill*         0x0800523e        0x2 
 .text.despiselect
                0x08005240       0x1c ./FATFS/Target/user_diskio_spi.o
 .text.spiselect
                0x0800525c       0x30 ./FATFS/Target/user_diskio_spi.o
 .text.send_cmd
                0x0800528c       0x84 ./FATFS/Target/user_diskio_spi.o
 .text.xmit_datablock
                0x08005310       0x50 ./FATFS/Target/user_diskio_spi.o
 .text.SPI_Timer_On
                0x08005360       0x1c ./FATFS/Target/user_diskio_spi.o
                0x08005360                SPI_Timer_On
 .text.SPI_Timer_Status
                0x0800537c       0x24 ./FATFS/Target/user_diskio_spi.o
                0x0800537c                SPI_Timer_Status
 .text.rcvr_datablock
                0x080053a0       0x48 ./FATFS/Target/user_diskio_spi.o
 .text.USER_SPI_initialize
                0x080053e8      0x148 ./FATFS/Target/user_diskio_spi.o
                0x080053e8                USER_SPI_initialize
 .text.USER_SPI_status
                0x08005530       0x14 ./FATFS/Target/user_diskio_spi.o
                0x08005530                USER_SPI_status
 .text.USER_SPI_read
                0x08005544       0x80 ./FATFS/Target/user_diskio_spi.o
                0x08005544                USER_SPI_read
 .text.USER_SPI_write
                0x080055c4       0xa0 ./FATFS/Target/user_diskio_spi.o
                0x080055c4                USER_SPI_write
 .text.USER_SPI_ioctl
                0x08005664      0x1cc ./FATFS/Target/user_diskio_spi.o
                0x08005664                USER_SPI_ioctl
 .text.USBD_CDC_EP0_RxReady
                0x08005830       0x28 ./Middlewares/ST/STM32_USB_Device_Library/Class/CDC/Src/usbd_cdc.o
 .text.USBD_CDC_GetFSCfgDesc
                0x08005858        0xc ./Middlewares/ST/STM32_USB_Device_Library/Class/CDC/Src/usbd_cdc.o
 .text.USBD_CDC_GetHSCfgDesc
                0x08005864        0xc ./Middlewares/ST/STM32_USB_Device_Library/Class/CDC/Src/usbd_cdc.o
 .text.USBD_CDC_GetOtherSpeedCfgDesc
                0x08005870        0xc ./Middlewares/ST/STM32_USB_Device_Library/Class/CDC/Src/usbd_cdc.o
 .text.USBD_CDC_GetDeviceQualifierDescriptor
                0x0800587c        0xc ./Middlewares/ST/STM32_USB_Device_Library/Class/CDC/Src/usbd_cdc.o
                0x0800587c                USBD_CDC_GetDeviceQualifierDescriptor
 .text.USBD_CDC_DataOut
                0x08005888       0x2e ./Middlewares/ST/STM32_USB_Device_Library/Class/CDC/Src/usbd_cdc.o
 .text.USBD_CDC_DataIn
                0x080058b6       0x40 ./Middlewares/ST/STM32_USB_Device_Library/Class/CDC/Src/usbd_cdc.o
 .text.USBD_CDC_Setup
                0x080058f6       0xa2 ./Middlewares/ST/STM32_USB_Device_Library/Class/CDC/Src/usbd_cdc.o
 .text.USBD_CDC_DeInit
                0x08005998       0x42 ./Middlewares/ST/STM32_USB_Device_Library/Class/CDC/Src/usbd_cdc.o
 .text.USBD_CDC_Init
                0x080059da       0x8c ./Middlewares/ST/STM32_USB_Device_Library/Class/CDC/Src/usbd_cdc.o
 .text.USBD_CDC_RegisterInterface
                0x08005a66        0xe ./Middlewares/ST/STM32_USB_Device_Library/Class/CDC/Src/usbd_cdc.o
                0x08005a66                USBD_CDC_RegisterInterface
 .text.USBD_CDC_SetTxBuffer
                0x08005a74       0x10 ./Middlewares/ST/STM32_USB_Device_Library/Class/CDC/Src/usbd_cdc.o
                0x08005a74                USBD_CDC_SetTxBuffer
 .text.USBD_CDC_SetRxBuffer
                0x08005a84        0xc ./Middlewares/ST/STM32_USB_Device_Library/Class/CDC/Src/usbd_cdc.o
                0x08005a84                USBD_CDC_SetRxBuffer
 .text.USBD_CDC_TransmitPacket
                0x08005a90       0x32 ./Middlewares/ST/STM32_USB_Device_Library/Class/CDC/Src/usbd_cdc.o
                0x08005a90                USBD_CDC_TransmitPacket
 .text.USBD_CDC_ReceivePacket
                0x08005ac2       0x26 ./Middlewares/ST/STM32_USB_Device_Library/Class/CDC/Src/usbd_cdc.o
                0x08005ac2                USBD_CDC_ReceivePacket
 .text.USBD_Init
                0x08005ae8       0x2a ./Middlewares/ST/STM32_USB_Device_Library/Core/Src/usbd_core.o
                0x08005ae8                USBD_Init
 .text.USBD_RegisterClass
                0x08005b12        0xe ./Middlewares/ST/STM32_USB_Device_Library/Core/Src/usbd_core.o
                0x08005b12                USBD_RegisterClass
 .text.USBD_Start
                0x08005b20        0xa ./Middlewares/ST/STM32_USB_Device_Library/Core/Src/usbd_core.o
                0x08005b20                USBD_Start
 .text.USBD_SetClassConfig
                0x08005b2a       0x1a ./Middlewares/ST/STM32_USB_Device_Library/Core/Src/usbd_core.o
                0x08005b2a                USBD_SetClassConfig
 .text.USBD_ClrClassConfig
                0x08005b44        0xe ./Middlewares/ST/STM32_USB_Device_Library/Core/Src/usbd_core.o
                0x08005b44                USBD_ClrClassConfig
 .text.USBD_LL_SetupStage
                0x08005b52       0x5a ./Middlewares/ST/STM32_USB_Device_Library/Core/Src/usbd_core.o
                0x08005b52                USBD_LL_SetupStage
 .text.USBD_LL_DataOutStage
                0x08005bac       0x70 ./Middlewares/ST/STM32_USB_Device_Library/Core/Src/usbd_core.o
                0x08005bac                USBD_LL_DataOutStage
 .text.USBD_LL_DataInStage
                0x08005c1c       0xb8 ./Middlewares/ST/STM32_USB_Device_Library/Core/Src/usbd_core.o
                0x08005c1c                USBD_LL_DataInStage
 .text.USBD_LL_Reset
                0x08005cd4       0x4e ./Middlewares/ST/STM32_USB_Device_Library/Core/Src/usbd_core.o
                0x08005cd4                USBD_LL_Reset
 .text.USBD_LL_SetSpeed
                0x08005d22        0x6 ./Middlewares/ST/STM32_USB_Device_Library/Core/Src/usbd_core.o
                0x08005d22                USBD_LL_SetSpeed
 .text.USBD_LL_Suspend
                0x08005d28       0x12 ./Middlewares/ST/STM32_USB_Device_Library/Core/Src/usbd_core.o
                0x08005d28                USBD_LL_Suspend
 .text.USBD_LL_Resume
                0x08005d3a       0x14 ./Middlewares/ST/STM32_USB_Device_Library/Core/Src/usbd_core.o
                0x08005d3a                USBD_LL_Resume
 .text.USBD_LL_SOF
                0x08005d4e       0x18 ./Middlewares/ST/STM32_USB_Device_Library/Core/Src/usbd_core.o
                0x08005d4e                USBD_LL_SOF
 .text.USBD_CtlError.constprop.0
                0x08005d66       0x16 ./Middlewares/ST/STM32_USB_Device_Library/Core/Src/usbd_ctlreq.o
 .text.USBD_StdDevReq
                0x08005d7c      0x290 ./Middlewares/ST/STM32_USB_Device_Library/Core/Src/usbd_ctlreq.o
                0x08005d7c                USBD_StdDevReq
 .text.USBD_StdItfReq
                0x0800600c       0x48 ./Middlewares/ST/STM32_USB_Device_Library/Core/Src/usbd_ctlreq.o
                0x0800600c                USBD_StdItfReq
 .text.USBD_StdEPReq
                0x08006054      0x118 ./Middlewares/ST/STM32_USB_Device_Library/Core/Src/usbd_ctlreq.o
                0x08006054                USBD_StdEPReq
 .text.USBD_ParseSetupRequest
                0x0800616c       0x16 ./Middlewares/ST/STM32_USB_Device_Library/Core/Src/usbd_ctlreq.o
                0x0800616c                USBD_ParseSetupRequest
 .text.USBD_CtlError
                0x08006182       0x16 ./Middlewares/ST/STM32_USB_Device_Library/Core/Src/usbd_ctlreq.o
                0x08006182                USBD_CtlError
 .text.USBD_GetString
                0x08006198       0x38 ./Middlewares/ST/STM32_USB_Device_Library/Core/Src/usbd_ctlreq.o
                0x08006198                USBD_GetString
 .text.USBD_CtlSendData
                0x080061d0       0x1a ./Middlewares/ST/STM32_USB_Device_Library/Core/Src/usbd_ioreq.o
                0x080061d0                USBD_CtlSendData
 .text.USBD_CtlContinueSendData
                0x080061ea       0x10 ./Middlewares/ST/STM32_USB_Device_Library/Core/Src/usbd_ioreq.o
                0x080061ea                USBD_CtlContinueSendData
 .text.USBD_CtlPrepareRx
                0x080061fa       0x1a ./Middlewares/ST/STM32_USB_Device_Library/Core/Src/usbd_ioreq.o
                0x080061fa                USBD_CtlPrepareRx
 .text.USBD_CtlContinueRx
                0x08006214       0x10 ./Middlewares/ST/STM32_USB_Device_Library/Core/Src/usbd_ioreq.o
                0x08006214                USBD_CtlContinueRx
 .text.USBD_CtlSendStatus
                0x08006224       0x16 ./Middlewares/ST/STM32_USB_Device_Library/Core/Src/usbd_ioreq.o
                0x08006224                USBD_CtlSendStatus
 .text.USBD_CtlReceiveStatus
                0x0800623a       0x16 ./Middlewares/ST/STM32_USB_Device_Library/Core/Src/usbd_ioreq.o
                0x0800623a                USBD_CtlReceiveStatus
 .text.disk_status
                0x08006250       0x14 ./Middlewares/Third_Party/FatFs/src/diskio.o
                0x08006250                disk_status
 .text.disk_initialize
                0x08006264       0x20 ./Middlewares/Third_Party/FatFs/src/diskio.o
                0x08006264                disk_initialize
 .text.disk_read
                0x08006284       0x1c ./Middlewares/Third_Party/FatFs/src/diskio.o
                0x08006284                disk_read
 .text.disk_write
                0x080062a0       0x1c ./Middlewares/Third_Party/FatFs/src/diskio.o
                0x080062a0                disk_write
 .text.disk_ioctl
                0x080062bc       0x18 ./Middlewares/Third_Party/FatFs/src/diskio.o
                0x080062bc                disk_ioctl
 .text.mem_cpy  0x080062d4       0x12 ./Middlewares/Third_Party/FatFs/src/ff.o
 .text.mem_set  0x080062e6        0xc ./Middlewares/Third_Party/FatFs/src/ff.o
 *fill*         0x080062f2        0x2 
 .text.chk_lock
                0x080062f4       0x80 ./Middlewares/Third_Party/FatFs/src/ff.o
 .text.inc_lock
                0x08006374       0x98 ./Middlewares/Third_Party/FatFs/src/ff.o
 .text.dec_lock
                0x0800640c       0x40 ./Middlewares/Third_Party/FatFs/src/ff.o
 .text.clear_lock
                0x0800644c       0x1c ./Middlewares/Third_Party/FatFs/src/ff.o
 .text.clmt_clust
                0x08006468       0x28 ./Middlewares/Third_Party/FatFs/src/ff.o
 .text.get_ldnumber
                0x08006490       0x30 ./Middlewares/Third_Party/FatFs/src/ff.o
 .text.sync_window
                0x080064c0       0x58 ./Middlewares/Third_Party/FatFs/src/ff.o
 .text.validate
                0x08006518       0x2e ./Middlewares/Third_Party/FatFs/src/ff.o
 .text.move_window
                0x08006546       0x36 ./Middlewares/Third_Party/FatFs/src/ff.o
 .text.check_fs
                0x0800657c       0x50 ./Middlewares/Third_Party/FatFs/src/ff.o
 .text.find_volume
                0x080065cc      0x234 ./Middlewares/Third_Party/FatFs/src/ff.o
 .text.sync_fs  0x08006800       0x84 ./Middlewares/Third_Party/FatFs/src/ff.o
 .text.ld_clust.isra.0
                0x08006884       0x10 ./Middlewares/Third_Party/FatFs/src/ff.o
 .text.clust2sect
                0x08006894       0x1c ./Middlewares/Third_Party/FatFs/src/ff.o
                0x08006894                clust2sect
 .text.get_fat  0x080068b0       0xc2 ./Middlewares/Third_Party/FatFs/src/ff.o
                0x080068b0                get_fat
 .text.dir_sdi  0x08006972       0x9e ./Middlewares/Third_Party/FatFs/src/ff.o
 .text.put_fat  0x08006a10       0xf2 ./Middlewares/Third_Party/FatFs/src/ff.o
                0x08006a10                put_fat
 .text.create_chain
                0x08006b02       0xb2 ./Middlewares/Third_Party/FatFs/src/ff.o
 .text.dir_next
                0x08006bb4      0x116 ./Middlewares/Third_Party/FatFs/src/ff.o
 *fill*         0x08006cca        0x2 
 .text.follow_path
                0x08006ccc      0x194 ./Middlewares/Third_Party/FatFs/src/ff.o
 .text.dir_register
                0x08006e60       0x72 ./Middlewares/Third_Party/FatFs/src/ff.o
 .text.remove_chain
                0x08006ed2       0x66 ./Middlewares/Third_Party/FatFs/src/ff.o
 .text.f_mount  0x08006f38       0x58 ./Middlewares/Third_Party/FatFs/src/ff.o
                0x08006f38                f_mount
 .text.f_open   0x08006f90      0x180 ./Middlewares/Third_Party/FatFs/src/ff.o
                0x08006f90                f_open
 .text.f_write  0x08007110      0x1d0 ./Middlewares/Third_Party/FatFs/src/ff.o
                0x08007110                f_write
 .text.f_sync   0x080072e0       0xc2 ./Middlewares/Third_Party/FatFs/src/ff.o
                0x080072e0                f_sync
 .text.f_close  0x080073a2       0x22 ./Middlewares/Third_Party/FatFs/src/ff.o
                0x080073a2                f_close
 .text.f_lseek  0x080073c4      0x290 ./Middlewares/Third_Party/FatFs/src/ff.o
                0x080073c4                f_lseek
 .text.FATFS_LinkDriverEx
                0x08007654       0x44 ./Middlewares/Third_Party/FatFs/src/ff_gen_drv.o
                0x08007654                FATFS_LinkDriverEx
 .text.FATFS_LinkDriver
                0x08007698        0x6 ./Middlewares/Third_Party/FatFs/src/ff_gen_drv.o
                0x08007698                FATFS_LinkDriver
 *fill*         0x0800769e        0x2 
 .text.MX_USB_DEVICE_Init
                0x080076a0       0x50 ./USB_DEVICE/App/usb_device.o
                0x080076a0                MX_USB_DEVICE_Init
 .text.CDC_DeInit_FS
                0x080076f0        0x4 ./USB_DEVICE/App/usbd_cdc_if.o
 .text.CDC_Control_FS
                0x080076f4        0x4 ./USB_DEVICE/App/usbd_cdc_if.o
 .text.CDC_Receive_FS
                0x080076f8       0x1c ./USB_DEVICE/App/usbd_cdc_if.o
 .text.CDC_Init_FS
                0x08007714       0x28 ./USB_DEVICE/App/usbd_cdc_if.o
 .text.CDC_Transmit_FS
                0x0800773c       0x2c ./USB_DEVICE/App/usbd_cdc_if.o
                0x0800773c                CDC_Transmit_FS
 .text.USBD_FS_DeviceDescriptor
                0x08007768        0xc ./USB_DEVICE/App/usbd_desc.o
                0x08007768                USBD_FS_DeviceDescriptor
 .text.USBD_FS_LangIDStrDescriptor
                0x08007774        0xc ./USB_DEVICE/App/usbd_desc.o
                0x08007774                USBD_FS_LangIDStrDescriptor
 .text.IntToUnicode
                0x08007780       0x2a ./USB_DEVICE/App/usbd_desc.o
 *fill*         0x080077aa        0x2 
 .text.USBD_FS_SerialStrDescriptor
                0x080077ac       0x3c ./USB_DEVICE/App/usbd_desc.o
                0x080077ac                USBD_FS_SerialStrDescriptor
 .text.USBD_FS_ManufacturerStrDescriptor
                0x080077e8       0x1c ./USB_DEVICE/App/usbd_desc.o
                0x080077e8                USBD_FS_ManufacturerStrDescriptor
 .text.USBD_FS_ProductStrDescriptor
                0x08007804       0x1c ./USB_DEVICE/App/usbd_desc.o
                0x08007804                USBD_FS_ProductStrDescriptor
 .text.USBD_FS_ConfigStrDescriptor
                0x08007820       0x1c ./USB_DEVICE/App/usbd_desc.o
                0x08007820                USBD_FS_ConfigStrDescriptor
 .text.USBD_FS_InterfaceStrDescriptor
                0x0800783c       0x1c ./USB_DEVICE/App/usbd_desc.o
                0x0800783c                USBD_FS_InterfaceStrDescriptor
 .text.USBD_Get_USB_Status
                0x08007858        0xc ./USB_DEVICE/Target/usbd_conf.o
 .text.HAL_PCD_MspInit
                0x08007864       0x40 ./USB_DEVICE/Target/usbd_conf.o
                0x08007864                HAL_PCD_MspInit
 .text.HAL_PCD_SetupStageCallback
                0x080078a4        0xc ./USB_DEVICE/Target/usbd_conf.o
                0x080078a4                HAL_PCD_SetupStageCallback
 .text.HAL_PCD_DataOutStageCallback
                0x080078b0       0x12 ./USB_DEVICE/Target/usbd_conf.o
                0x080078b0                HAL_PCD_DataOutStageCallback
 .text.HAL_PCD_DataInStageCallback
                0x080078c2       0x10 ./USB_DEVICE/Target/usbd_conf.o
                0x080078c2                HAL_PCD_DataInStageCallback
 .text.HAL_PCD_SOFCallback
                0x080078d2        0x8 ./USB_DEVICE/Target/usbd_conf.o
                0x080078d2                HAL_PCD_SOFCallback
 .text.HAL_PCD_ResetCallback
                0x080078da       0x24 ./USB_DEVICE/Target/usbd_conf.o
                0x080078da                HAL_PCD_ResetCallback
 *fill*         0x080078fe        0x2 
 .text.HAL_PCD_SuspendCallback
                0x08007900       0x20 ./USB_DEVICE/Target/usbd_conf.o
                0x08007900                HAL_PCD_SuspendCallback
 .text.HAL_PCD_ResumeCallback
                0x08007920        0x8 ./USB_DEVICE/Target/usbd_conf.o
                0x08007920                HAL_PCD_ResumeCallback
 .text.USBD_LL_Init
                0x08007928       0x80 ./USB_DEVICE/Target/usbd_conf.o
                0x08007928                USBD_LL_Init
 .text.USBD_LL_Start
                0x080079a8       0x12 ./USB_DEVICE/Target/usbd_conf.o
                0x080079a8                USBD_LL_Start
 .text.USBD_LL_OpenEP
                0x080079ba       0x18 ./USB_DEVICE/Target/usbd_conf.o
                0x080079ba                USBD_LL_OpenEP
 .text.USBD_LL_CloseEP
                0x080079d2       0x12 ./USB_DEVICE/Target/usbd_conf.o
                0x080079d2                USBD_LL_CloseEP
 .text.USBD_LL_StallEP
                0x080079e4       0x12 ./USB_DEVICE/Target/usbd_conf.o
                0x080079e4                USBD_LL_StallEP
 .text.USBD_LL_ClearStallEP
                0x080079f6       0x12 ./USB_DEVICE/Target/usbd_conf.o
                0x080079f6                USBD_LL_ClearStallEP
 .text.USBD_LL_IsStallEP
                0x08007a08       0x22 ./USB_DEVICE/Target/usbd_conf.o
                0x08007a08                USBD_LL_IsStallEP
 .text.USBD_LL_SetUSBAddress
                0x08007a2a       0x12 ./USB_DEVICE/Target/usbd_conf.o
                0x08007a2a                USBD_LL_SetUSBAddress
 .text.USBD_LL_Transmit
                0x08007a3c       0x12 ./USB_DEVICE/Target/usbd_conf.o
                0x08007a3c                USBD_LL_Transmit
 .text.USBD_LL_PrepareReceive
                0x08007a4e       0x12 ./USB_DEVICE/Target/usbd_conf.o
                0x08007a4e                USBD_LL_PrepareReceive
 .text.USBD_LL_GetRxDataSize
                0x08007a60        0x8 ./USB_DEVICE/Target/usbd_conf.o
                0x08007a60                USBD_LL_GetRxDataSize
 .text.USBD_static_malloc
                0x08007a68        0x8 ./USB_DEVICE/Target/usbd_conf.o
                0x08007a68                USBD_static_malloc
 .text.USBD_static_free
                0x08007a70        0x2 ./USB_DEVICE/Target/usbd_conf.o
                0x08007a70                USBD_static_free
 .text.HAL_PCDEx_SetConnectionState
                0x08007a72        0x2 ./USB_DEVICE/Target/usbd_conf.o
                0x08007a72                HAL_PCDEx_SetConnectionState
 .text.__cvt    0x08007a74       0xc8 /home/nico/st/stm32cubeide_2.0.0/plugins/com.st.stm32cube.ide.mcu.externaltools.gnu-tools-for-stm32.13.3.rel1.linux64_1.0.100.202509120712/tools/bin/../lib/gcc/arm-none-eabi/13.3.1/../../../../arm-none-eabi/lib/thumb/v7-m/nofp/libc_nano.a(libc_a-nano-vfprintf_float.o)
                0x08007a74                __cvt
 .text.__exponent
                0x08007b3c       0x74 /home/nico/st/stm32cubeide_2.0.0/plugins/com.st.stm32cube.ide.mcu.externaltools.gnu-tools-for-stm32.13.3.rel1.linux64_1.0.100.202509120712/tools/bin/../lib/gcc/arm-none-eabi/13.3.1/../../../../arm-none-eabi/lib/thumb/v7-m/nofp/libc_nano.a(libc_a-nano-vfprintf_float.o)
                0x08007b3c                __exponent
 .text._printf_float
                0x08007bb0      0x458 /home/nico/st/stm32cubeide_2.0.0/plugins/com.st.stm32cube.ide.mcu.externaltools.gnu-tools-for-stm32.13.3.rel1.linux64_1.0.100.202509120712/tools/bin/../lib/gcc/arm-none-eabi/13.3.1/../../../../arm-none-eabi/lib/thumb/v7-m/nofp/libc_nano.a(libc_a-nano-vfprintf_float.o)
                0x08007bb0                _printf_float
 .text._printf_common
                0x08008008       0xe4 /home/nico/st/stm32cubeide_2.0.0/plugins/com.st.stm32cube.ide.mcu.externaltools.gnu-tools-for-stm32.13.3.rel1.linux64_1.0.100.202509120712/tools/bin/../lib/gcc/arm-none-eabi/13.3.1/../../../../arm-none-eabi/lib/thumb/v7-m/nofp/libc_nano.a(libc_a-nano-vfprintf_i.o)
                0x08008008                _printf_common
 .text._printf_i
                0x080080ec      0x23c /home/nico/st/stm32cubeide_2.0.0/plugins/com.st.stm32cube.ide.mcu.externaltools.gnu-tools-for-stm32.13.3.rel1.linux64_1.0.100.202509120712/tools/bin/../lib/gcc/arm-none-eabi/13.3.1/../../../../arm-none-eabi/lib/thumb/v7-m/nofp/libc_nano.a(libc_a-nano-vfprintf_i.o)
                0x080080ec                _printf_i
 .text.std      0x08008328       0x6c /home/nico/st/stm32cubeide_2.0.0/plugins/com.st.stm32cube.ide.mcu.externaltools.gnu-tools-for-stm32.13.3.rel1.linux64_1.0.100.202509120712/tools/bin/../lib/gcc/arm-none-eabi/13.3.1/../../../../arm-none-eabi/lib/thumb/v7-m/nofp/libc_nano.a(libc_a-findfp.o)
 .text.stdio_exit_handler
                0x08008394       0x18 /home/nico/st/stm32cubeide_2.0.0/plugins/com.st.stm32cube.ide.mcu.externaltools.gnu-tools-for-stm32.13.3.rel1.linux64_1.0.100.202509120712/tools/bin/../lib/gcc/arm-none-eabi/13.3.1/../../../../arm-none-eabi/lib/thumb/v7-m/nofp/libc_nano.a(libc_a-findfp.o)
 .text.cleanup_stdio
                0x080083ac       0x40 /home/nico/st/stm32cubeide_2.0.0/plugins/com.st.stm32cube.ide.mcu.externaltools.gnu-tools-for-stm32.13.3.rel1.linux64_1.0.100.202509120712/tools/bin/../lib/gcc/arm-none-eabi/13.3.1/../../../../arm-none-eabi/lib/thumb/v7-m/nofp/libc_nano.a(libc_a-findfp.o)
 .text.global_stdio_init.part.0
                0x080083ec       0x3c /home/nico/st/stm32cubeide_2.0.0/plugins/com.st.stm32cube.ide.mcu.externaltools.gnu-tools-for-stm32.13.3.rel1.linux64_1.0.100.202509120712/tools/bin/../lib/gcc/arm-none-eabi/13.3.1/../../../../arm-none-eabi/lib/thumb/v7-m/nofp/libc_nano.a(libc_a-findfp.o)
 .text.__sfp_lock_acquire
                0x08008428        0xc /home/nico/st/stm32cubeide_2.0.0/plugins/com.st.stm32cube.ide.mcu.externaltools.gnu-tools-for-stm32.13.3.rel1.linux64_1.0.100.202509120712/tools/bin/../lib/gcc/arm-none-eabi/13.3.1/../../../../arm-none-eabi/lib/thumb/v7-m/nofp/libc_nano.a(libc_a-findfp.o)
                0x08008428                __sfp_lock_acquire
 .text.__sfp_lock_release
                0x08008434        0xc /home/nico/st/stm32cubeide_2.0.0/plugins/com.st.stm32cube.ide.mcu.externaltools.gnu-tools-for-stm32.13.3.rel1.linux64_1.0.100.202509120712/tools/bin/../lib/gcc/arm-none-eabi/13.3.1/../../../../arm-none-eabi/lib/thumb/v7-m/nofp/libc_nano.a(libc_a-findfp.o)
                0x08008434                __sfp_lock_release
 .text.__sinit  0x08008440       0x30 /home/nico/st/stm32cubeide_2.0.0/plugins/com.st.stm32cube.ide.mcu.externaltools.gnu-tools-for-stm32.13.3.rel1.linux64_1.0.100.202509120712/tools/bin/../lib/gcc/arm-none-eabi/13.3.1/../../../../arm-none-eabi/lib/thumb/v7-m/nofp/libc_nano.a(libc_a-findfp.o)
                0x08008440                __sinit
 .text._fwalk_sglue
                0x08008470       0x3c /home/nico/st/stm32cubeide_2.0.0/plugins/com.st.stm32cube.ide.mcu.externaltools.gnu-tools-for-stm32.13.3.rel1.linux64_1.0.100.202509120712/tools/bin/../lib/gcc/arm-none-eabi/13.3.1/../../../../arm-none-eabi/lib/thumb/v7-m/nofp/libc_nano.a(libc_a-fwalk.o)
                0x08008470                _fwalk_sglue
 .text.sprintf  0x080084ac       0x44 /home/nico/st/stm32cubeide_2.0.0/plugins/com.st.stm32cube.ide.mcu.externaltools.gnu-tools-for-stm32.13.3.rel1.linux64_1.0.100.202509120712/tools/bin/../lib/gcc/arm-none-eabi/13.3.1/../../../../arm-none-eabi/lib/thumb/v7-m/nofp/libc_nano.a(libc_a-sprintf.o)
                0x080084ac                sprintf
                0x080084ac                siprintf
 .text.__sread  0x080084f0       0x22 /home/nico/st/stm32cubeide_2.0.0/plugins/com.st.stm32cube.ide.mcu.externaltools.gnu-tools-for-stm32.13.3.rel1.linux64_1.0.100.202509120712/tools/bin/../lib/gcc/arm-none-eabi/13.3.1/../../../../arm-none-eabi/lib/thumb/v7-m/nofp/libc_nano.a(libc_a-stdio.o)
                0x080084f0                __sread
 .text.__swrite
                0x08008512       0x38 /home/nico/st/stm32cubeide_2.0.0/plugins/com.st.stm32cube.ide.mcu.externaltools.gnu-tools-for-stm32.13.3.rel1.linux64_1.0.100.202509120712/tools/bin/../lib/gcc/arm-none-eabi/13.3.1/../../../../arm-none-eabi/lib/thumb/v7-m/nofp/libc_nano.a(libc_a-stdio.o)
                0x08008512                __swrite
 .text.__sseek  0x0800854a       0x24 /home/nico/st/stm32cubeide_2.0.0/plugins/com.st.stm32cube.ide.mcu.externaltools.gnu-tools-for-stm32.13.3.rel1.linux64_1.0.100.202509120712/tools/bin/../lib/gcc/arm-none-eabi/13.3.1/../../../../arm-none-eabi/lib/thumb/v7-m/nofp/libc_nano.a(libc_a-stdio.o)
                0x0800854a                __sseek
 .text.__sclose
                0x0800856e        0x8 /home/nico/st/stm32cubeide_2.0.0/plugins/com.st.stm32cube.ide.mcu.externaltools.gnu-tools-for-stm32.13.3.rel1.linux64_1.0.100.202509120712/tools/bin/../lib/gcc/arm-none-eabi/13.3.1/../../../../arm-none-eabi/lib/thumb/v7-m/nofp/libc_nano.a(libc_a-stdio.o)
                0x0800856e                __sclose
 .text.memset   0x08008576       0x10 /home/nico/st/stm32cubeide_2.0.0/plugins/com.st.stm32cube.ide.mcu.externaltools.gnu-tools-for-stm32.13.3.rel1.linux64_1.0.100.202509120712/tools/bin/../lib/gcc/arm-none-eabi/13.3.1/../../../../arm-none-eabi/lib/thumb/v7-m/nofp/libc_nano.a(libc_a-memset.o)
                0x08008576                memset
 *fill*         0x08008586        0x2 
 .text._localeconv_r
                0x08008588        0x8 /home/nico/st/stm32cubeide_2.0.0/plugins/com.st.stm32cube.ide.mcu.externaltools.gnu-tools-for-stm32.13.3.rel1.linux64_1.0.100.202509120712/tools/bin/../lib/gcc/arm-none-eabi/13.3.1/../../../../arm-none-eabi/lib/thumb/v7-m/nofp/libc_nano.a(libc_a-localeconv.o)
                0x08008588                _localeconv_r
 .text._close_r
                0x08008590       0x20 /home/nico/st/stm32cubeide_2.0.0/plugins/com.st.stm32cube.ide.mcu.externaltools.gnu-tools-for-stm32.13.3.rel1.linux64_1.0.100.202509120712/tools/bin/../lib/gcc/arm-none-eabi/13.3.1/../../../../arm-none-eabi/lib/thumb/v7-m/nofp/libc_nano.a(libc_a-closer.o)
                0x08008590                _close_r
 .text._lseek_r
                0x080085b0       0x24 /home/nico/st/stm32cubeide_2.0.0/plugins/com.st.stm32cube.ide.mcu.externaltools.gnu-tools-for-stm32.13.3.rel1.linux64_1.0.100.202509120712/tools/bin/../lib/gcc/arm-none-eabi/13.3.1/../../../../arm-none-eabi/lib/thumb/v7-m/nofp/libc_nano.a(libc_a-lseekr.o)
                0x080085b0                _lseek_r
 .text._read_r  0x080085d4       0x24 /home/nico/st/stm32cubeide_2.0.0/plugins/com.st.stm32cube.ide.mcu.externaltools.gnu-tools-for-stm32.13.3.rel1.linux64_1.0.100.202509120712/tools/bin/../lib/gcc/arm-none-eabi/13.3.1/../../../../arm-none-eabi/lib/thumb/v7-m/nofp/libc_nano.a(libc_a-readr.o)
                0x080085d4                _read_r
 .text._write_r
                0x080085f8       0x24 /home/nico/st/stm32cubeide_2.0.0/plugins/com.st.stm32cube.ide.mcu.externaltools.gnu-tools-for-stm32.13.3.rel1.linux64_1.0.100.202509120712/tools/bin/../lib/gcc/arm-none-eabi/13.3.1/../../../../arm-none-eabi/lib/thumb/v7-m/nofp/libc_nano.a(libc_a-writer.o)
                0x080085f8                _write_r
 .text.__errno  0x0800861c        0xc /home/nico/st/stm32cubeide_2.0.0/plugins/com.st.stm32cube.ide.mcu.externaltools.gnu-tools-for-stm32.13.3.rel1.linux64_1.0.100.202509120712/tools/bin/../lib/gcc/arm-none-eabi/13.3.1/../../../../arm-none-eabi/lib/thumb/v7-m/nofp/libc_nano.a(libc_a-errno.o)
                0x0800861c                __errno
 .text.__libc_init_array
                0x08008628       0x48 /home/nico/st/stm32cubeide_2.0.0/plugins/com.st.stm32cube.ide.mcu.externaltools.gnu-tools-for-stm32.13.3.rel1.linux64_1.0.100.202509120712/tools/bin/../lib/gcc/arm-none-eabi/13.3.1/../../../../arm-none-eabi/lib/thumb/v7-m/nofp/libc_nano.a(libc_a-init.o)
                0x08008628                __libc_init_array
 .text.__retarget_lock_init_recursive
                0x08008670        0x2 /home/nico/st/stm32cubeide_2.0.0/plugins/com.st.stm32cube.ide.mcu.externaltools.gnu-tools-for-stm32.13.3.rel1.linux64_1.0.100.202509120712/tools/bin/../lib/gcc/arm-none-eabi/13.3.1/../../../../arm-none-eabi/lib/thumb/v7-m/nofp/libc_nano.a(libc_a-lock.o)
                0x08008670                __retarget_lock_init_recursive
 .text.__retarget_lock_acquire_recursive
                0x08008672        0x2 /home/nico/st/stm32cubeide_2.0.0/plugins/com.st.stm32cube.ide.mcu.externaltools.gnu-tools-for-stm32.13.3.rel1.linux64_1.0.100.202509120712/tools/bin/../lib/gcc/arm-none-eabi/13.3.1/../../../../arm-none-eabi/lib/thumb/v7-m/nofp/libc_nano.a(libc_a-lock.o)
                0x08008672                __retarget_lock_acquire_recursive
 .text.__retarget_lock_release_recursive
                0x08008674        0x2 /home/nico/st/stm32cubeide_2.0.0/plugins/com.st.stm32cube.ide.mcu.externaltools.gnu-tools-for-stm32.13.3.rel1.linux64_1.0.100.202509120712/tools/bin/../lib/gcc/arm-none-eabi/13.3.1/../../../../arm-none-eabi/lib/thumb/v7-m/nofp/libc_nano.a(libc_a-lock.o)
                0x08008674                __retarget_lock_release_recursive
 .text.memchr   0x08008676       0x1c /home/nico/st/stm32cubeide_2.0.0/plugins/com.st.stm32cube.ide.mcu.externaltools.gnu-tools-for-stm32.13.3.rel1.linux64_1.0.100.202509120712/tools/bin/../lib/gcc/arm-none-eabi/13.3.1/../../../../arm-none-eabi/lib/thumb/v7-m/nofp/libc_nano.a(libc_a-memchr-stub.o)
                0x08008676                memchr
 .text.quorem   0x08008692      0x110 /home/nico/st/stm32cubeide_2.0.0/plugins/com.st.stm32cube.ide.mcu.externaltools.gnu-tools-for-stm32.13.3.rel1.linux64_1.0.100.202509120712/tools/bin/../lib/gcc/arm-none-eabi/13.3.1/../../../../arm-none-eabi/lib/thumb/v7-m/nofp/libc_nano.a(libc_a-dtoa.o)
 *fill*         0x080087a2        0x6 
 .text._dtoa_r  0x080087a8      0xba8 /home/nico/st/stm32cubeide_2.0.0/plugins/com.st.stm32cube.ide.mcu.externaltools.gnu-tools-for-stm32.13.3.rel1.linux64_1.0.100.202509120712/tools/bin/../lib/gcc/arm-none-eabi/13.3.1/../../../../arm-none-eabi/lib/thumb/v7-m/nofp/libc_nano.a(libc_a-dtoa.o)
                0x080087a8                _dtoa_r
 .text._free_r  0x08009350       0x90 /home/nico/st/stm32cubeide_2.0.0/plugins/com.st.stm32cube.ide.mcu.externaltools.gnu-tools-for-stm32.13.3.rel1.linux64_1.0.100.202509120712/tools/bin/../lib/gcc/arm-none-eabi/13.3.1/../../../../arm-none-eabi/lib/thumb/v7-m/nofp/libc_nano.a(libc_a-freer.o)
                0x08009350                _free_r
 .text.malloc   0x080093e0       0x10 /home/nico/st/stm32cubeide_2.0.0/plugins/com.st.stm32cube.ide.mcu.externaltools.gnu-tools-for-stm32.13.3.rel1.linux64_1.0.100.202509120712/tools/bin/../lib/gcc/arm-none-eabi/13.3.1/../../../../arm-none-eabi/lib/thumb/v7-m/nofp/libc_nano.a(libc_a-malloc.o)
                0x080093e0                malloc
 .text.sbrk_aligned
                0x080093f0       0x44 /home/nico/st/stm32cubeide_2.0.0/plugins/com.st.stm32cube.ide.mcu.externaltools.gnu-tools-for-stm32.13.3.rel1.linux64_1.0.100.202509120712/tools/bin/../lib/gcc/arm-none-eabi/13.3.1/../../../../arm-none-eabi/lib/thumb/v7-m/nofp/libc_nano.a(libc_a-mallocr.o)
 .text._malloc_r
                0x08009434      0x100 /home/nico/st/stm32cubeide_2.0.0/plugins/com.st.stm32cube.ide.mcu.externaltools.gnu-tools-for-stm32.13.3.rel1.linux64_1.0.100.202509120712/tools/bin/../lib/gcc/arm-none-eabi/13.3.1/../../../../arm-none-eabi/lib/thumb/v7-m/nofp/libc_nano.a(libc_a-mallocr.o)
                0x08009434                _malloc_r
 .text.__malloc_lock
                0x08009534        0xc /home/nico/st/stm32cubeide_2.0.0/plugins/com.st.stm32cube.ide.mcu.externaltools.gnu-tools-for-stm32.13.3.rel1.linux64_1.0.100.202509120712/tools/bin/../lib/gcc/arm-none-eabi/13.3.1/../../../../arm-none-eabi/lib/thumb/v7-m/nofp/libc_nano.a(libc_a-mlock.o)
                0x08009534                __malloc_lock
 .text.__malloc_unlock
                0x08009540        0xc /home/nico/st/stm32cubeide_2.0.0/plugins/com.st.stm32cube.ide.mcu.externaltools.gnu-tools-for-stm32.13.3.rel1.linux64_1.0.100.202509120712/tools/bin/../lib/gcc/arm-none-eabi/13.3.1/../../../../arm-none-eabi/lib/thumb/v7-m/nofp/libc_nano.a(libc_a-mlock.o)
                0x08009540                __malloc_unlock
 .text._Balloc  0x0800954c       0x80 /home/nico/st/stm32cubeide_2.0.0/plugins/com.st.stm32cube.ide.mcu.externaltools.gnu-tools-for-stm32.13.3.rel1.linux64_1.0.100.202509120712/tools/bin/../lib/gcc/arm-none-eabi/13.3.1/../../../../arm-none-eabi/lib/thumb/v7-m/nofp/libc_nano.a(libc_a-mprec.o)
                0x0800954c                _Balloc
 .text._Bfree   0x080095cc       0x44 /home/nico/st/stm32cubeide_2.0.0/plugins/com.st.stm32cube.ide.mcu.externaltools.gnu-tools-for-stm32.13.3.rel1.linux64_1.0.100.202509120712/tools/bin/../lib/gcc/arm-none-eabi/13.3.1/../../../../arm-none-eabi/lib/thumb/v7-m/nofp/libc_nano.a(libc_a-mprec.o)
                0x080095cc                _Bfree
 .text.__multadd
                0x08009610       0x8c /home/nico/st/stm32cubeide_2.0.0/plugins/com.st.stm32cube.ide.mcu.externaltools.gnu-tools-for-stm32.13.3.rel1.linux64_1.0.100.202509120712/tools/bin/../lib/gcc/arm-none-eabi/13.3.1/../../../../arm-none-eabi/lib/thumb/v7-m/nofp/libc_nano.a(libc_a-mprec.o)
                0x08009610                __multadd
 .text.__hi0bits
                0x0800969c       0x3e /home/nico/st/stm32cubeide_2.0.0/plugins/com.st.stm32cube.ide.mcu.externaltools.gnu-tools-for-stm32.13.3.rel1.linux64_1.0.100.202509120712/tools/bin/../lib/gcc/arm-none-eabi/13.3.1/../../../../arm-none-eabi/lib/thumb/v7-m/nofp/libc_nano.a(libc_a-mprec.o)
                0x0800969c                __hi0bits
 .text.__lo0bits
                0x080096da       0x5a /home/nico/st/stm32cubeide_2.0.0/plugins/com.st.stm32cube.ide.mcu.externaltools.gnu-tools-for-stm32.13.3.rel1.linux64_1.0.100.202509120712/tools/bin/../lib/gcc/arm-none-eabi/13.3.1/../../../../arm-none-eabi/lib/thumb/v7-m/nofp/libc_nano.a(libc_a-mprec.o)
                0x080096da                __lo0bits
 .text.__i2b    0x08009734       0x2c /home/nico/st/stm32cubeide_2.0.0/plugins/com.st.stm32cube.ide.mcu.externaltools.gnu-tools-for-stm32.13.3.rel1.linux64_1.0.100.202509120712/tools/bin/../lib/gcc/arm-none-eabi/13.3.1/../../../../arm-none-eabi/lib/thumb/v7-m/nofp/libc_nano.a(libc_a-mprec.o)
                0x08009734                __i2b
 .text.__multiply
                0x08009760      0x144 /home/nico/st/stm32cubeide_2.0.0/plugins/com.st.stm32cube.ide.mcu.externaltools.gnu-tools-for-stm32.13.3.rel1.linux64_1.0.100.202509120712/tools/bin/../lib/gcc/arm-none-eabi/13.3.1/../../../../arm-none-eabi/lib/thumb/v7-m/nofp/libc_nano.a(libc_a-mprec.o)
                0x08009760                __multiply
 .text.__pow5mult
                0x080098a4       0xb4 /home/nico/st/stm32cubeide_2.0.0/plugins/com.st.stm32cube.ide.mcu.externaltools.gnu-tools-for-stm32.13.3.rel1.linux64_1.0.100.202509120712/tools/bin/../lib/gcc/arm-none-eabi/13.3.1/../../../../arm-none-eabi/lib/thumb/v7-m/nofp/libc_nano.a(libc_a-mprec.o)
                0x080098a4                __pow5mult
 .text.__lshift
                0x08009958       0xd8 /home/nico/st/stm32cubeide_2.0.0/plugins/com.st.stm32cube.ide.mcu.externaltools.gnu-tools-for-stm32.13.3.rel1.linux64_1.0.100.202509120712/tools/bin/../lib/gcc/arm-none-eabi/13.3.1/../../../../arm-none-eabi/lib/thumb/v7-m/nofp/libc_nano.a(libc_a-mprec.o)
                0x08009958                __lshift
 .text.__mcmp   0x08009a30       0x36 /home/nico/st/stm32cubeide_2.0.0/plugins/com.st.stm32cube.ide.mcu.externaltools.gnu-tools-for-stm32.13.3.rel1.linux64_1.0.100.202509120712/tools/bin/../lib/gcc/arm-none-eabi/13.3.1/../../../../arm-none-eabi/lib/thumb/v7-m/nofp/libc_nano.a(libc_a-mprec.o)
                0x08009a30                __mcmp
 *fill*         0x08009a66        0x2 
 .text.__mdiff  0x08009a68      0x128 /home/nico/st/stm32cubeide_2.0.0/plugins/com.st.stm32cube.ide.mcu.externaltools.gnu-tools-for-stm32.13.3.rel1.linux64_1.0.100.202509120712/tools/bin/../lib/gcc/arm-none-eabi/13.3.1/../../../../arm-none-eabi/lib/thumb/v7-m/nofp/libc_nano.a(libc_a-mprec.o)
                0x08009a68                __mdiff
 .text.__d2b    0x08009b90       0xb0 /home/nico/st/stm32cubeide_2.0.0/plugins/com.st.stm32cube.ide.mcu.externaltools.gnu-tools-for-stm32.13.3.rel1.linux64_1.0.100.202509120712/tools/bin/../lib/gcc/arm-none-eabi/13.3.1/../../../../arm-none-eabi/lib/thumb/v7-m/nofp/libc_nano.a(libc_a-mprec.o)
                0x08009b90                __d2b
 .text.__ssputs_r
                0x08009c40       0xb6 /home/nico/st/stm32cubeide_2.0.0/plugins/com.st.stm32cube.ide.mcu.externaltools.gnu-tools-for-stm32.13.3.rel1.linux64_1.0.100.202509120712/tools/bin/../lib/gcc/arm-none-eabi/13.3.1/../../../../arm-none-eabi/lib/thumb/v7-m/nofp/libc_nano.a(libc_a-nano-svfprintf.o)
                0x08009c40                __ssputs_r
 *fill*         0x08009cf6        0x2 
 .text._svfprintf_r
                0x08009cf8      0x1f8 /home/nico/st/stm32cubeide_2.0.0/plugins/com.st.stm32cube.ide.mcu.externaltools.gnu-tools-for-stm32.13.3.rel1.linux64_1.0.100.202509120712/tools/bin/../lib/gcc/arm-none-eabi/13.3.1/../../../../arm-none-eabi/lib/thumb/v7-m/nofp/libc_nano.a(libc_a-nano-svfprintf.o)
                0x08009cf8                _svfprintf_r
                0x08009cf8                _svfiprintf_r
 .text.__sflush_r
                0x08009ef0      0x100 /home/nico/st/stm32cubeide_2.0.0/plugins/com.st.stm32cube.ide.mcu.externaltools.gnu-tools-for-stm32.13.3.rel1.linux64_1.0.100.202509120712/tools/bin/../lib/gcc/arm-none-eabi/13.3.1/../../../../arm-none-eabi/lib/thumb/v7-m/nofp/libc_nano.a(libc_a-fflush.o)
                0x08009ef0                __sflush_r
 .text._fflush_r
                0x08009ff0       0x50 /home/nico/st/stm32cubeide_2.0.0/plugins/com.st.stm32cube.ide.mcu.externaltools.gnu-tools-for-stm32.13.3.rel1.linux64_1.0.100.202509120712/tools/bin/../lib/gcc/arm-none-eabi/13.3.1/../../../../arm-none-eabi/lib/thumb/v7-m/nofp/libc_nano.a(libc_a-fflush.o)
                0x08009ff0                _fflush_r
 .text.memmove  0x0800a040       0x34 /home/nico/st/stm32cubeide_2.0.0/plugins/com.st.stm32cube.ide.mcu.externaltools.gnu-tools-for-stm32.13.3.rel1.linux64_1.0.100.202509120712/tools/bin/../lib/gcc/arm-none-eabi/13.3.1/../../../../arm-none-eabi/lib/thumb/v7-m/nofp/libc_nano.a(libc_a-memmove.o)
                0x0800a040                memmove
 .text._sbrk_r  0x0800a074       0x20 /home/nico/st/stm32cubeide_2.0.0/plugins/com.st.stm32cube.ide.mcu.externaltools.gnu-tools-for-stm32.13.3.rel1.linux64_1.0.100.202509120712/tools/bin/../lib/gcc/arm-none-eabi/13.3.1/../../../../arm-none-eabi/lib/thumb/v7-m/nofp/libc_nano.a(libc_a-sbrkr.o)
                0x0800a074                _sbrk_r
 .text.memcpy   0x0800a094       0x1c /home/nico/st/stm32cubeide_2.0.0/plugins/com.st.stm32cube.ide.mcu.externaltools.gnu-tools-for-stm32.13.3.rel1.linux64_1.0.100.202509120712/tools/bin/../lib/gcc/arm-none-eabi/13.3.1/../../../../arm-none-eabi/lib/thumb/v7-m/nofp/libc_nano.a(libc_a-memcpy-stub.o)
                0x0800a094                memcpy
 .text.__assert_func
                0x0800a0b0       0x3c /home/nico/st/stm32cubeide_2.0.0/plugins/com.st.stm32cube.ide.mcu.externaltools.gnu-tools-for-stm32.13.3.rel1.linux64_1.0.100.202509120712/tools/bin/../lib/gcc/arm-none-eabi/13.3.1/../../../../arm-none-eabi/lib/thumb/v7-m/nofp/libc_nano.a(libc_a-assert.o)
                0x0800a0b0                __assert_func
 .text._calloc_r
                0x0800a0ec       0x28 /home/nico/st/stm32cubeide_2.0.0/plugins/com.st.stm32cube.ide.mcu.externaltools.gnu-tools-for-stm32.13.3.rel1.linux64_1.0.100.202509120712/tools/bin/../lib/gcc/arm-none-eabi/13.3.1/../../../../arm-none-eabi/lib/thumb/v7-m/nofp/libc_nano.a(libc_a-callocr.o)
                0x0800a0ec                _calloc_r
 .text.__ascii_mbtowc
                0x0800a114       0x24 /home/nico/st/stm32cubeide_2.0.0/plugins/com.st.stm32cube.ide.mcu.externaltools.gnu-tools-for-stm32.13.3.rel1.linux64_1.0.100.202509120712/tools/bin/../lib/gcc/arm-none-eabi/13.3.1/../../../../arm-none-eabi/lib/thumb/v7-m/nofp/libc_nano.a(libc_a-mbtowc_r.o)
                0x0800a114                __ascii_mbtowc
 .text._realloc_r
                0x0800a138       0x5c /home/nico/st/stm32cubeide_2.0.0/plugins/com.st.stm32cube.ide.mcu.externaltools.gnu-tools-for-stm32.13.3.rel1.linux64_1.0.100.202509120712/tools/bin/../lib/gcc/arm-none-eabi/13.3.1/../../../../arm-none-eabi/lib/thumb/v7-m/nofp/libc_nano.a(libc_a-reallocr.o)
                0x0800a138                _realloc_r
 .text.__ascii_wctomb
                0x0800a194       0x1a /home/nico/st/stm32cubeide_2.0.0/plugins/com.st.stm32cube.ide.mcu.externaltools.gnu-tools-for-stm32.13.3.rel1.linux64_1.0.100.202509120712/tools/bin/../lib/gcc/arm-none-eabi/13.3.1/../../../../arm-none-eabi/lib/thumb/v7-m/nofp/libc_nano.a(libc_a-wctomb_r.o)
                0x0800a194                __ascii_wctomb
 *fill*         0x0800a1ae        0x2 
 .text.fprintf  0x0800a1b0       0x24 /home/nico/st/stm32cubeide_2.0.0/plugins/com.st.stm32cube.ide.mcu.externaltools.gnu-tools-for-stm32.13.3.rel1.linux64_1.0.100.202509120712/tools/bin/../lib/gcc/arm-none-eabi/13.3.1/../../../../arm-none-eabi/lib/thumb/v7-m/nofp/libc_nano.a(libc_a-fprintf.o)
                0x0800a1b0                fprintf
                0x0800a1b0                fiprintf
 .text.abort    0x0800a1d4        0xe /home/nico/st/stm32cubeide_2.0.0/plugins/com.st.stm32cube.ide.mcu.externaltools.gnu-tools-for-stm32.13.3.rel1.linux64_1.0.100.202509120712/tools/bin/../lib/gcc/arm-none-eabi/13.3.1/../../../../arm-none-eabi/lib/thumb/v7-m/nofp/libc_nano.a(libc_a-abort.o)
                0x0800a1d4                abort
 .text._malloc_usable_size_r
                0x0800a1e2       0x10 /home/nico/st/stm32cubeide_2.0.0/plugins/com.st.stm32cube.ide.mcu.externaltools.gnu-tools-for-stm32.13.3.rel1.linux64_1.0.100.202509120712/tools/bin/../lib/gcc/arm-none-eabi/13.3.1/../../../../arm-none-eabi/lib/thumb/v7-m/nofp/libc_nano.a(libc_a-msizer.o)
                0x0800a1e2                _malloc_usable_size_r
 .text.__sfputc_r
                0x0800a1f2       0x2a /home/nico/st/stm32cubeide_2.0.0/plugins/com.st.stm32cube.ide.mcu.externaltools.gnu-tools-for-stm32.13.3.rel1.linux64_1.0.100.202509120712/tools/bin/../lib/gcc/arm-none-eabi/13.3.1/../../../../arm-none-eabi/lib/thumb/v7-m/nofp/libc_nano.a(libc_a-nano-vfprintf.o)
 .text.__sfputs_r
                0x0800a21c       0x24 /home/nico/st/stm32cubeide_2.0.0/plugins/com.st.stm32cube.ide.mcu.externaltools.gnu-tools-for-stm32.13.3.rel1.linux64_1.0.100.202509120712/tools/bin/../lib/gcc/arm-none-eabi/13.3.1/../../../../arm-none-eabi/lib/thumb/v7-m/nofp/libc_nano.a(libc_a-nano-vfprintf.o)
                0x0800a21c                __sfputs_r
 .text._vfprintf_r
                0x0800a240      0x230 /home/nico/st/stm32cubeide_2.0.0/plugins/com.st.stm32cube.ide.mcu.externaltools.gnu-tools-for-stm32.13.3.rel1.linux64_1.0.100.202509120712/tools/bin/../lib/gcc/arm-none-eabi/13.3.1/../../../../arm-none-eabi/lib/thumb/v7-m/nofp/libc_nano.a(libc_a-nano-vfprintf.o)
                0x0800a240                _vfiprintf_r
                0x0800a240                _vfprintf_r
 .text.__swbuf_r
                0x0800a470       0x7c /home/nico/st/stm32cubeide_2.0.0/plugins/com.st.stm32cube.ide.mcu.externaltools.gnu-tools-for-stm32.13.3.rel1.linux64_1.0.100.202509120712/tools/bin/../lib/gcc/arm-none-eabi/13.3.1/../../../../arm-none-eabi/lib/thumb/v7-m/nofp/libc_nano.a(libc_a-wbuf.o)
                0x0800a470                __swbuf_r
 .text.__swsetup_r
                0x0800a4ec       0xac /home/nico/st/stm32cubeide_2.0.0/plugins/com.st.stm32cube.ide.mcu.externaltools.gnu-tools-for-stm32.13.3.rel1.linux64_1.0.100.202509120712/tools/bin/../lib/gcc/arm-none-eabi/13.3.1/../../../../arm-none-eabi/lib/thumb/v7-m/nofp/libc_nano.a(libc_a-wsetup.o)
                0x0800a4ec                __swsetup_r
 .text._raise_r
                0x0800a598       0x50 /home/nico/st/stm32cubeide_2.0.0/plugins/com.st.stm32cube.ide.mcu.externaltools.gnu-tools-for-stm32.13.3.rel1.linux64_1.0.100.202509120712/tools/bin/../lib/gcc/arm-none-eabi/13.3.1/../../../../arm-none-eabi/lib/thumb/v7-m/nofp/libc_nano.a(libc_a-signal.o)
                0x0800a598                _raise_r
 .text.raise    0x0800a5e8       0x10 /home/nico/st/stm32cubeide_2.0.0/plugins/com.st.stm32cube.ide.mcu.externaltools.gnu-tools-for-stm32.13.3.rel1.linux64_1.0.100.202509120712/tools/bin/../lib/gcc/arm-none-eabi/13.3.1/../../../../arm-none-eabi/lib/thumb/v7-m/nofp/libc_nano.a(libc_a-signal.o)
                0x0800a5e8                raise
 .text._kill_r  0x0800a5f8       0x24 /home/nico/st/stm32cubeide_2.0.0/plugins/com.st.stm32cube.ide.mcu.externaltools.gnu-tools-for-stm32.13.3.rel1.linux64_1.0.100.202509120712/tools/bin/../lib/gcc/arm-none-eabi/13.3.1/../../../../arm-none-eabi/lib/thumb/v7-m/nofp/libc_nano.a(libc_a-signalr.o)
                0x0800a5f8                _kill_r
 .text._getpid_r
                0x0800a61c        0x4 /home/nico/st/stm32cubeide_2.0.0/plugins/com.st.stm32cube.ide.mcu.externaltools.gnu-tools-for-stm32.13.3.rel1.linux64_1.0.100.202509120712/tools/bin/../lib/gcc/arm-none-eabi/13.3.1/../../../../arm-none-eabi/lib/thumb/v7-m/nofp/libc_nano.a(libc_a-signalr.o)
                0x0800a61c                _getpid_r
 .text.__swhatbuf_r
                0x0800a620       0x4a /home/nico/st/stm32cubeide_2.0.0/plugins/com.st.stm32cube.ide.mcu.externaltools.gnu-tools-for-stm32.13.3.rel1.linux64_1.0.100.202509120712/tools/bin/../lib/gcc/arm-none-eabi/13.3.1/../../../../arm-none-eabi/lib/thumb/v7-m/nofp/libc_nano.a(libc_a-makebuf.o)
                0x0800a620                __swhatbuf_r
 .text.__smakebuf_r
                0x0800a66a       0x78 /home/nico/st/stm32cubeide_2.0.0/plugins/com.st.stm32cube.ide.mcu.externaltools.gnu-tools-for-stm32.13.3.rel1.linux64_1.0.100.202509120712/tools/bin/../lib/gcc/arm-none-eabi/13.3.1/../../../../arm-none-eabi/lib/thumb/v7-m/nofp/libc_nano.a(libc_a-makebuf.o)
                0x0800a66a                __smakebuf_r
 *fill*         0x0800a6e2        0x2 
 .text._fstat_r
                0x0800a6e4       0x24 /home/nico/st/stm32cubeide_2.0.0/plugins/com.st.stm32cube.ide.mcu.externaltools.gnu-tools-for-stm32.13.3.rel1.linux64_1.0.100.202509120712/tools/bin/../lib/gcc/arm-none-eabi/13.3.1/../../../../arm-none-eabi/lib/thumb/v7-m/nofp/libc_nano.a(libc_a-fstatr.o)
                0x0800a6e4                _fstat_r
 .text._isatty_r
                0x0800a708       0x20 /home/nico/st/stm32cubeide_2.0.0/plugins/com.st.stm32cube.ide.mcu.externaltools.gnu-tools-for-stm32.13.3.rel1.linux64_1.0.100.202509120712/tools/bin/../lib/gcc/arm-none-eabi/13.3.1/../../../../arm-none-eabi/lib/thumb/v7-m/nofp/libc_nano.a(libc_a-isattyr.o)
                0x0800a708                _isatty_r
 *(.glue_7)
 .glue_7        0x0800a728        0x0 linker stubs
 *(.glue_7t)
 .glue_7t       0x0800a728        0x0 linker stubs
 *(.eh_frame)
 .eh_frame      0x0800a728        0x0 /home/nico/st/stm32cubeide_2.0.0/plugins/com.st.stm32cube.ide.mcu.externaltools.gnu-tools-for-stm32.13.3.rel1.linux64_1.0.100.202509120712/tools/bin/../lib/gcc/arm-none-eabi/13.3.1/thumb/v7-m/nofp/crtbegin.o
 *(.init)
 .init          0x0800a728        0x4 /home/nico/st/stm32cubeide_2.0.0/plugins/com.st.stm32cube.ide.mcu.externaltools.gnu-tools-for-stm32.13.3.rel1.linux64_1.0.100.202509120712/tools/bin/../lib/gcc/arm-none-eabi/13.3.1/thumb/v7-m/nofp/crti.o
                0x0800a728                _init
 .init          0x0800a72c        0x8 /home/nico/st/stm32cubeide_2.0.0/plugins/com.st.stm32cube.ide.mcu.externaltools.gnu-tools-for-stm32.13.3.rel1.linux64_1.0.100.202509120712/tools/bin/../lib/gcc/arm-none-eabi/13.3.1/thumb/v7-m/nofp/crtn.o
 *(.fini)
 .fini          0x0800a734        0x4 /home/nico/st/stm32cubeide_2.0.0/plugins/com.st.stm32cube.ide.mcu.externaltools.gnu-tools-for-stm32.13.3.rel1.linux64_1.0.100.202509120712/tools/bin/../lib/gcc/arm-none-eabi/13.3.1/thumb/v7-m/nofp/crti.o
                0x0800a734                _fini
 .fini          0x0800a738        0x8 /home/nico/st/stm32cubeide_2.0.0/plugins/com.st.stm32cube.ide.mcu.externaltools.gnu-tools-for-stm32.13.3.rel1.linux64_1.0.100.202509120712/tools/bin/../lib/gcc/arm-none-eabi/13.3.1/thumb/v7-m/nofp/crtn.o
                0x0800a740                        . = ALIGN (0x4)
                0x0800a740                        _etext = .

.vfp11_veneer   0x0800a740        0x0
 .vfp11_veneer  0x0800a740        0x0 linker stubs

.v4_bx          0x0800a740        0x0
 .v4_bx         0x0800a740        0x0 linker stubs

.iplt           0x0800a740        0x0
 .iplt          0x0800a740        0x0 /home/nico/st/stm32cubeide_2.0.0/plugins/com.st.stm32cube.ide.mcu.externaltools.gnu-tools-for-stm32.13.3.rel1.linux64_1.0.100.202509120712/tools/bin/../lib/gcc/arm-none-eabi/13.3.1/thumb/v7-m/nofp/crtbegin.o

.rodata         0x0800a740      0xc8c
                0x0800a740                        . = ALIGN (0x4)
 *(.rodata)
 *(.rodata*)
 .rodata.Font7x10
                0x0800a740      0x76c ./Core/Src/fonts.o
 .rodata.main.str1.1
                0x0800aeac      0x264 ./Core/Src/main.o
                                 0xa7 (size before relaxing)
 .rodata.APBPrescTable
                0x0800b110        0x8 ./Core/Src/system_stm32f1xx.o
                0x0800b110                APBPrescTable
 .rodata.AHBPrescTable
                0x0800b118       0x10 ./Core/Src/system_stm32f1xx.o
                0x0800b118                AHBPrescTable
 .rodata.aPredivFactorTable.0
                0x0800b128        0x2 ./Drivers/STM32F1xx_HAL_Driver/Src/stm32f1xx_hal_rcc.o
 .rodata.aPLLMULFactorTable.1
                0x0800b12a       0x10 ./Drivers/STM32F1xx_HAL_Driver/Src/stm32f1xx_hal_rcc.o
 .rodata.aPredivFactorTable.0
                0x0800b13a        0x2 ./Drivers/STM32F1xx_HAL_Driver/Src/stm32f1xx_hal_rcc_ex.o
 .rodata.aPLLMULFactorTable.1
                0x0800b13c       0x10 ./Drivers/STM32F1xx_HAL_Driver/Src/stm32f1xx_hal_rcc_ex.o
 .rodata.follow_path.str1.1
                0x0800b14c        0x0 ./Middlewares/Third_Party/FatFs/src/ff.o
                                  0xf (size before relaxing)
 .rodata.ExCvt  0x0800b14c       0x80 ./Middlewares/Third_Party/FatFs/src/ff.o
 .rodata.USBD_FS_ManufacturerStrDescriptor.str1.1
                0x0800b1cc        0x0 ./USB_DEVICE/App/usbd_desc.o
                                 0x13 (size before relaxing)
 .rodata.USBD_FS_ProductStrDescriptor.str1.1
                0x0800b1cc        0x0 ./USB_DEVICE/App/usbd_desc.o
                                 0x16 (size before relaxing)
 .rodata.USBD_FS_ConfigStrDescriptor.str1.1
                0x0800b1cc        0x0 ./USB_DEVICE/App/usbd_desc.o
                                  0xb (size before relaxing)
 .rodata.USBD_FS_InterfaceStrDescriptor.str1.1
                0x0800b1cc        0x0 ./USB_DEVICE/App/usbd_desc.o
                                  0xe (size before relaxing)
 .rodata._printf_float.str1.1
                0x0800b1cc        0x0 /home/nico/st/stm32cubeide_2.0.0/plugins/com.st.stm32cube.ide.mcu.externaltools.gnu-tools-for-stm32.13.3.rel1.linux64_1.0.100.202509120712/tools/bin/../lib/gcc/arm-none-eabi/13.3.1/../../../../arm-none-eabi/lib/thumb/v7-m/nofp/libc_nano.a(libc_a-nano-vfprintf_float.o)
                                 0x12 (size before relaxing)
 .rodata._printf_i.str1.1
                0x0800b1cc        0x0 /home/nico/st/stm32cubeide_2.0.0/plugins/com.st.stm32cube.ide.mcu.externaltools.gnu-tools-for-stm32.13.3.rel1.linux64_1.0.100.202509120712/tools/bin/../lib/gcc/arm-none-eabi/13.3.1/../../../../arm-none-eabi/lib/thumb/v7-m/nofp/libc_nano.a(libc_a-nano-vfprintf_i.o)
                                 0x22 (size before relaxing)
 .rodata._dtoa_r.str1.1
                0x0800b1cc        0x0 /home/nico/st/stm32cubeide_2.0.0/plugins/com.st.stm32cube.ide.mcu.externaltools.gnu-tools-for-stm32.13.3.rel1.linux64_1.0.100.202509120712/tools/bin/../lib/gcc/arm-none-eabi/13.3.1/../../../../arm-none-eabi/lib/thumb/v7-m/nofp/libc_nano.a(libc_a-dtoa.o)
                                 0x8f (size before relaxing)
 .rodata._Balloc.str1.1
                0x0800b1cc        0x0 /home/nico/st/stm32cubeide_2.0.0/plugins/com.st.stm32cube.ide.mcu.externaltools.gnu-tools-for-stm32.13.3.rel1.linux64_1.0.100.202509120712/tools/bin/../lib/gcc/arm-none-eabi/13.3.1/../../../../arm-none-eabi/lib/thumb/v7-m/nofp/libc_nano.a(libc_a-mprec.o)
                                 0x70 (size before relaxing)
 .rodata.__multadd.str1.1
                0x0800b1cc        0x0 /home/nico/st/stm32cubeide_2.0.0/plugins/com.st.stm32cube.ide.mcu.externaltools.gnu-tools-for-stm32.13.3.rel1.linux64_1.0.100.202509120712/tools/bin/../lib/gcc/arm-none-eabi/13.3.1/../../../../arm-none-eabi/lib/thumb/v7-m/nofp/libc_nano.a(libc_a-mprec.o)
                                 0x11 (size before relaxing)
 .rodata.p05.0  0x0800b1cc        0xc /home/nico/st/stm32cubeide_2.0.0/plugins/com.st.stm32cube.ide.mcu.externaltools.gnu-tools-for-stm32.13.3.rel1.linux64_1.0.100.202509120712/tools/bin/../lib/gcc/arm-none-eabi/13.3.1/../../../../arm-none-eabi/lib/thumb/v7-m/nofp/libc_nano.a(libc_a-mprec.o)
 .rodata.__mprec_bigtens
                0x0800b1d8       0x28 /home/nico/st/stm32cubeide_2.0.0/plugins/com.st.stm32cube.ide.mcu.externaltools.gnu-tools-for-stm32.13.3.rel1.linux64_1.0.100.202509120712/tools/bin/../lib/gcc/arm-none-eabi/13.3.1/../../../../arm-none-eabi/lib/thumb/v7-m/nofp/libc_nano.a(libc_a-mprec.o)
                0x0800b1d8                __mprec_bigtens
 .rodata.__mprec_tens
                0x0800b200       0xc8 /home/nico/st/stm32cubeide_2.0.0/plugins/com.st.stm32cube.ide.mcu.externaltools.gnu-tools-for-stm32.13.3.rel1.linux64_1.0.100.202509120712/tools/bin/../lib/gcc/arm-none-eabi/13.3.1/../../../../arm-none-eabi/lib/thumb/v7-m/nofp/libc_nano.a(libc_a-mprec.o)
                0x0800b200                __mprec_tens
 .rodata._svfprintf_r.str1.1
                0x0800b2c8        0x0 /home/nico/st/stm32cubeide_2.0.0/plugins/com.st.stm32cube.ide.mcu.externaltools.gnu-tools-for-stm32.13.3.rel1.linux64_1.0.100.202509120712/tools/bin/../lib/gcc/arm-none-eabi/13.3.1/../../../../arm-none-eabi/lib/thumb/v7-m/nofp/libc_nano.a(libc_a-nano-svfprintf.o)
                                 0x11 (size before relaxing)
 .rodata._setlocale_r.str1.1
                0x0800b2c8        0x0 /home/nico/st/stm32cubeide_2.0.0/plugins/com.st.stm32cube.ide.mcu.externaltools.gnu-tools-for-stm32.13.3.rel1.linux64_1.0.100.202509120712/tools/bin/../lib/gcc/arm-none-eabi/13.3.1/../../../../arm-none-eabi/lib/thumb/v7-m/nofp/libc_nano.a(libc_a-locale.o)
                                  0x9 (size before relaxing)
 .rodata.str1.1
                0x0800b2c8        0x0 /home/nico/st/stm32cubeide_2.0.0/plugins/com.st.stm32cube.ide.mcu.externaltools.gnu-tools-for-stm32.13.3.rel1.linux64_1.0.100.202509120712/tools/bin/../lib/gcc/arm-none-eabi/13.3.1/../../../../arm-none-eabi/lib/thumb/v7-m/nofp/libc_nano.a(libc_a-locale.o)
                                  0x2 (size before relaxing)
 .rodata.__assert_func.str1.1
                0x0800b2c8        0x0 /home/nico/st/stm32cubeide_2.0.0/plugins/com.st.stm32cube.ide.mcu.externaltools.gnu-tools-for-stm32.13.3.rel1.linux64_1.0.100.202509120712/tools/bin/../lib/gcc/arm-none-eabi/13.3.1/../../../../arm-none-eabi/lib/thumb/v7-m/nofp/libc_nano.a(libc_a-assert.o)
                                 0x3d (size before relaxing)
 .rodata._ctype_
                0x0800b2c8      0x101 /home/nico/st/stm32cubeide_2.0.0/plugins/com.st.stm32cube.ide.mcu.externaltools.gnu-tools-for-stm32.13.3.rel1.linux64_1.0.100.202509120712/tools/bin/../lib/gcc/arm-none-eabi/13.3.1/../../../../arm-none-eabi/lib/thumb/v7-m/nofp/libc_nano.a(libc_a-ctype_.o)
                0x0800b2c8                _ctype_
 .rodata._vfprintf_r.str1.1
                0x0800b3c9        0x0 /home/nico/st/stm32cubeide_2.0.0/plugins/com.st.stm32cube.ide.mcu.externaltools.gnu-tools-for-stm32.13.3.rel1.linux64_1.0.100.202509120712/tools/bin/../lib/gcc/arm-none-eabi/13.3.1/../../../../arm-none-eabi/lib/thumb/v7-m/nofp/libc_nano.a(libc_a-nano-vfprintf.o)
                                 0x11 (size before relaxing)
                0x0800b3cc                        . = ALIGN (0x4)
 *fill*         0x0800b3c9        0x3 

.ARM.extab      0x0800b3cc        0x0
                0x0800b3cc                        . = ALIGN (0x4)
 *(.ARM.extab* .gnu.linkonce.armextab.*)
                0x0800b3cc                        . = ALIGN (0x4)
